<?xml version="1.0" encoding="ISO-8859-1" ?>
<link_info>
   <banner>TMS320C2000 Linker PC v25.11.1.LTS</banner>
   <copyright>Copyright (c) 1996-2018 Texas Instruments Incorporated</copyright>
   <command_line>E:\ti\ccs2100\ccs\tools\compiler\ti-cgt-c2000_25.11.1.LTS\bin\lnk2000.exe -lC:\\Users\\25648\\AppData\\Local\\Temp\\{281D40F3-6DAC-481F-AAED-EC10803CD84F}</command_line>
   <link_time>0x6a60cbfa</link_time>
   <link_errors>0x0</link_errors>
   <output_file>E:\ti\imodiandexiaowu\28379d_temp\Debug\28379d_temp.out</output_file>
   <entry_point>
      <name>_c_int00</name>
      <address>0x8c1e</address>
   </entry_point>
   <input_file_list>
      <input_file id="fl-4">
         <path>E:\ti\imodiandexiaowu\28379d_temp\Debug\.\3.device\source\</path>
         <kind>object</kind>
         <file>adc.obj</file>
         <name>adc.obj</name>
      </input_file>
      <input_file id="fl-5">
         <path>E:\ti\imodiandexiaowu\28379d_temp\Debug\.\3.device\source\</path>
         <kind>object</kind>
         <file>asysctl.obj</file>
         <name>asysctl.obj</name>
      </input_file>
      <input_file id="fl-6">
         <path>E:\ti\imodiandexiaowu\28379d_temp\Debug\.\3.device\source\</path>
         <kind>object</kind>
         <file>can.obj</file>
         <name>can.obj</name>
      </input_file>
      <input_file id="fl-7">
         <path>E:\ti\imodiandexiaowu\28379d_temp\Debug\.\3.device\source\</path>
         <kind>object</kind>
         <file>cla.obj</file>
         <name>cla.obj</name>
      </input_file>
      <input_file id="fl-8">
         <path>E:\ti\imodiandexiaowu\28379d_temp\Debug\.\3.device\source\</path>
         <kind>object</kind>
         <file>clb.obj</file>
         <name>clb.obj</name>
      </input_file>
      <input_file id="fl-9">
         <path>E:\ti\imodiandexiaowu\28379d_temp\Debug\.\3.device\source\</path>
         <kind>object</kind>
         <file>cmpss.obj</file>
         <name>cmpss.obj</name>
      </input_file>
      <input_file id="fl-a">
         <path>E:\ti\imodiandexiaowu\28379d_temp\Debug\.\3.device\source\</path>
         <kind>object</kind>
         <file>cputimer.obj</file>
         <name>cputimer.obj</name>
      </input_file>
      <input_file id="fl-b">
         <path>E:\ti\imodiandexiaowu\28379d_temp\Debug\.\3.device\source\</path>
         <kind>object</kind>
         <file>dac.obj</file>
         <name>dac.obj</name>
      </input_file>
      <input_file id="fl-c">
         <path>E:\ti\imodiandexiaowu\28379d_temp\Debug\.\3.device\source\</path>
         <kind>object</kind>
         <file>dcsm.obj</file>
         <name>dcsm.obj</name>
      </input_file>
      <input_file id="fl-d">
         <path>E:\ti\imodiandexiaowu\28379d_temp\Debug\.\3.device\source\</path>
         <kind>object</kind>
         <file>dma.obj</file>
         <name>dma.obj</name>
      </input_file>
      <input_file id="fl-e">
         <path>E:\ti\imodiandexiaowu\28379d_temp\Debug\.\3.device\source\</path>
         <kind>object</kind>
         <file>ecap.obj</file>
         <name>ecap.obj</name>
      </input_file>
      <input_file id="fl-f">
         <path>E:\ti\imodiandexiaowu\28379d_temp\Debug\.\3.device\source\</path>
         <kind>object</kind>
         <file>emif.obj</file>
         <name>emif.obj</name>
      </input_file>
      <input_file id="fl-10">
         <path>E:\ti\imodiandexiaowu\28379d_temp\Debug\.\3.device\source\</path>
         <kind>object</kind>
         <file>epwm.obj</file>
         <name>epwm.obj</name>
      </input_file>
      <input_file id="fl-11">
         <path>E:\ti\imodiandexiaowu\28379d_temp\Debug\.\3.device\source\</path>
         <kind>object</kind>
         <file>eqep.obj</file>
         <name>eqep.obj</name>
      </input_file>
      <input_file id="fl-12">
         <path>E:\ti\imodiandexiaowu\28379d_temp\Debug\.\3.device\source\</path>
         <kind>object</kind>
         <file>flash.obj</file>
         <name>flash.obj</name>
      </input_file>
      <input_file id="fl-13">
         <path>E:\ti\imodiandexiaowu\28379d_temp\Debug\.\3.device\source\</path>
         <kind>object</kind>
         <file>gpio.obj</file>
         <name>gpio.obj</name>
      </input_file>
      <input_file id="fl-14">
         <path>E:\ti\imodiandexiaowu\28379d_temp\Debug\.\3.device\source\</path>
         <kind>object</kind>
         <file>hrpwm.obj</file>
         <name>hrpwm.obj</name>
      </input_file>
      <input_file id="fl-15">
         <path>E:\ti\imodiandexiaowu\28379d_temp\Debug\.\3.device\source\</path>
         <kind>object</kind>
         <file>i2c.obj</file>
         <name>i2c.obj</name>
      </input_file>
      <input_file id="fl-16">
         <path>E:\ti\imodiandexiaowu\28379d_temp\Debug\.\3.device\source\</path>
         <kind>object</kind>
         <file>interrupt.obj</file>
         <name>interrupt.obj</name>
      </input_file>
      <input_file id="fl-17">
         <path>E:\ti\imodiandexiaowu\28379d_temp\Debug\.\3.device\source\</path>
         <kind>object</kind>
         <file>ipc.obj</file>
         <name>ipc.obj</name>
      </input_file>
      <input_file id="fl-18">
         <path>E:\ti\imodiandexiaowu\28379d_temp\Debug\.\3.device\source\</path>
         <kind>object</kind>
         <file>mcbsp.obj</file>
         <name>mcbsp.obj</name>
      </input_file>
      <input_file id="fl-19">
         <path>E:\ti\imodiandexiaowu\28379d_temp\Debug\.\3.device\source\</path>
         <kind>object</kind>
         <file>memcfg.obj</file>
         <name>memcfg.obj</name>
      </input_file>
      <input_file id="fl-1a">
         <path>E:\ti\imodiandexiaowu\28379d_temp\Debug\.\3.device\source\</path>
         <kind>object</kind>
         <file>sci.obj</file>
         <name>sci.obj</name>
      </input_file>
      <input_file id="fl-1b">
         <path>E:\ti\imodiandexiaowu\28379d_temp\Debug\.\3.device\source\</path>
         <kind>object</kind>
         <file>sdfm.obj</file>
         <name>sdfm.obj</name>
      </input_file>
      <input_file id="fl-1c">
         <path>E:\ti\imodiandexiaowu\28379d_temp\Debug\.\3.device\source\</path>
         <kind>object</kind>
         <file>spi.obj</file>
         <name>spi.obj</name>
      </input_file>
      <input_file id="fl-1d">
         <path>E:\ti\imodiandexiaowu\28379d_temp\Debug\.\3.device\source\</path>
         <kind>object</kind>
         <file>sysctl.obj</file>
         <name>sysctl.obj</name>
      </input_file>
      <input_file id="fl-1e">
         <path>E:\ti\imodiandexiaowu\28379d_temp\Debug\.\3.device\source\</path>
         <kind>object</kind>
         <file>upp.obj</file>
         <name>upp.obj</name>
      </input_file>
      <input_file id="fl-1f">
         <path>E:\ti\imodiandexiaowu\28379d_temp\Debug\.\3.device\source\</path>
         <kind>object</kind>
         <file>usb.obj</file>
         <name>usb.obj</name>
      </input_file>
      <input_file id="fl-20">
         <path>E:\ti\imodiandexiaowu\28379d_temp\Debug\.\3.device\source\</path>
         <kind>object</kind>
         <file>version.obj</file>
         <name>version.obj</name>
      </input_file>
      <input_file id="fl-21">
         <path>E:\ti\imodiandexiaowu\28379d_temp\Debug\.\3.device\source\</path>
         <kind>object</kind>
         <file>xbar.obj</file>
         <name>xbar.obj</name>
      </input_file>
      <input_file id="fl-22">
         <path>E:\ti\imodiandexiaowu\28379d_temp\Debug\.\4.common\source\</path>
         <kind>object</kind>
         <file>F2837xD_Adc.obj</file>
         <name>F2837xD_Adc.obj</name>
      </input_file>
      <input_file id="fl-23">
         <path>E:\ti\imodiandexiaowu\28379d_temp\Debug\.\4.common\source\</path>
         <kind>object</kind>
         <file>F2837xD_CodeStartBranch.obj</file>
         <name>F2837xD_CodeStartBranch.obj</name>
      </input_file>
      <input_file id="fl-24">
         <path>E:\ti\imodiandexiaowu\28379d_temp\Debug\.\4.common\source\</path>
         <kind>object</kind>
         <file>F2837xD_CpuTimers.obj</file>
         <name>F2837xD_CpuTimers.obj</name>
      </input_file>
      <input_file id="fl-25">
         <path>E:\ti\imodiandexiaowu\28379d_temp\Debug\.\4.common\source\</path>
         <kind>object</kind>
         <file>F2837xD_DBGIER.obj</file>
         <name>F2837xD_DBGIER.obj</name>
      </input_file>
      <input_file id="fl-26">
         <path>E:\ti\imodiandexiaowu\28379d_temp\Debug\.\4.common\source\</path>
         <kind>object</kind>
         <file>F2837xD_DefaultISR.obj</file>
         <name>F2837xD_DefaultISR.obj</name>
      </input_file>
      <input_file id="fl-27">
         <path>E:\ti\imodiandexiaowu\28379d_temp\Debug\.\4.common\source\</path>
         <kind>object</kind>
         <file>F2837xD_Dma.obj</file>
         <name>F2837xD_Dma.obj</name>
      </input_file>
      <input_file id="fl-28">
         <path>E:\ti\imodiandexiaowu\28379d_temp\Debug\.\4.common\source\</path>
         <kind>object</kind>
         <file>F2837xD_ECap.obj</file>
         <name>F2837xD_ECap.obj</name>
      </input_file>
      <input_file id="fl-29">
         <path>E:\ti\imodiandexiaowu\28379d_temp\Debug\.\4.common\source\</path>
         <kind>object</kind>
         <file>F2837xD_EPwm.obj</file>
         <name>F2837xD_EPwm.obj</name>
      </input_file>
      <input_file id="fl-2a">
         <path>E:\ti\imodiandexiaowu\28379d_temp\Debug\.\4.common\source\</path>
         <kind>object</kind>
         <file>F2837xD_EQep.obj</file>
         <name>F2837xD_EQep.obj</name>
      </input_file>
      <input_file id="fl-2b">
         <path>E:\ti\imodiandexiaowu\28379d_temp\Debug\.\4.common\source\</path>
         <kind>object</kind>
         <file>F2837xD_Emif.obj</file>
         <name>F2837xD_Emif.obj</name>
      </input_file>
      <input_file id="fl-2c">
         <path>E:\ti\imodiandexiaowu\28379d_temp\Debug\.\4.common\source\</path>
         <kind>object</kind>
         <file>F2837xD_Gpio.obj</file>
         <name>F2837xD_Gpio.obj</name>
      </input_file>
      <input_file id="fl-2d">
         <path>E:\ti\imodiandexiaowu\28379d_temp\Debug\.\4.common\source\</path>
         <kind>object</kind>
         <file>F2837xD_I2C.obj</file>
         <name>F2837xD_I2C.obj</name>
      </input_file>
      <input_file id="fl-2e">
         <path>E:\ti\imodiandexiaowu\28379d_temp\Debug\.\4.common\source\</path>
         <kind>object</kind>
         <file>F2837xD_Ipc.obj</file>
         <name>F2837xD_Ipc.obj</name>
      </input_file>
      <input_file id="fl-2f">
         <path>E:\ti\imodiandexiaowu\28379d_temp\Debug\.\4.common\source\</path>
         <kind>object</kind>
         <file>F2837xD_Ipc_Driver.obj</file>
         <name>F2837xD_Ipc_Driver.obj</name>
      </input_file>
      <input_file id="fl-30">
         <path>E:\ti\imodiandexiaowu\28379d_temp\Debug\.\4.common\source\</path>
         <kind>object</kind>
         <file>F2837xD_Ipc_Driver_Lite.obj</file>
         <name>F2837xD_Ipc_Driver_Lite.obj</name>
      </input_file>
      <input_file id="fl-31">
         <path>E:\ti\imodiandexiaowu\28379d_temp\Debug\.\4.common\source\</path>
         <kind>object</kind>
         <file>F2837xD_Ipc_Driver_Util.obj</file>
         <name>F2837xD_Ipc_Driver_Util.obj</name>
      </input_file>
      <input_file id="fl-32">
         <path>E:\ti\imodiandexiaowu\28379d_temp\Debug\.\4.common\source\</path>
         <kind>object</kind>
         <file>F2837xD_Mcbsp.obj</file>
         <name>F2837xD_Mcbsp.obj</name>
      </input_file>
      <input_file id="fl-33">
         <path>E:\ti\imodiandexiaowu\28379d_temp\Debug\.\4.common\source\</path>
         <kind>object</kind>
         <file>F2837xD_PieCtrl.obj</file>
         <name>F2837xD_PieCtrl.obj</name>
      </input_file>
      <input_file id="fl-34">
         <path>E:\ti\imodiandexiaowu\28379d_temp\Debug\.\4.common\source\</path>
         <kind>object</kind>
         <file>F2837xD_SWPrioritizedPieVect.obj</file>
         <name>F2837xD_SWPrioritizedPieVect.obj</name>
      </input_file>
      <input_file id="fl-35">
         <path>E:\ti\imodiandexiaowu\28379d_temp\Debug\.\4.common\source\</path>
         <kind>object</kind>
         <file>F2837xD_Sci.obj</file>
         <name>F2837xD_Sci.obj</name>
      </input_file>
      <input_file id="fl-36">
         <path>E:\ti\imodiandexiaowu\28379d_temp\Debug\.\4.common\source\</path>
         <kind>object</kind>
         <file>F2837xD_Spi.obj</file>
         <name>F2837xD_Spi.obj</name>
      </input_file>
      <input_file id="fl-37">
         <path>E:\ti\imodiandexiaowu\28379d_temp\Debug\.\4.common\source\</path>
         <kind>object</kind>
         <file>F2837xD_SysCtrl.obj</file>
         <name>F2837xD_SysCtrl.obj</name>
      </input_file>
      <input_file id="fl-38">
         <path>E:\ti\imodiandexiaowu\28379d_temp\Debug\.\4.common\source\</path>
         <kind>object</kind>
         <file>F2837xD_TempSensorConv.obj</file>
         <name>F2837xD_TempSensorConv.obj</name>
      </input_file>
      <input_file id="fl-39">
         <path>E:\ti\imodiandexiaowu\28379d_temp\Debug\.\4.common\source\</path>
         <kind>object</kind>
         <file>F2837xD_Upp.obj</file>
         <name>F2837xD_Upp.obj</name>
      </input_file>
      <input_file id="fl-3a">
         <path>E:\ti\imodiandexiaowu\28379d_temp\Debug\.\4.common\source\</path>
         <kind>object</kind>
         <file>F2837xD_can.obj</file>
         <name>F2837xD_can.obj</name>
      </input_file>
      <input_file id="fl-3b">
         <path>E:\ti\imodiandexiaowu\28379d_temp\Debug\.\4.common\source\</path>
         <kind>object</kind>
         <file>F2837xD_sci_io.obj</file>
         <name>F2837xD_sci_io.obj</name>
      </input_file>
      <input_file id="fl-3c">
         <path>E:\ti\imodiandexiaowu\28379d_temp\Debug\.\4.common\source\</path>
         <kind>object</kind>
         <file>F2837xD_sdfm_drivers.obj</file>
         <name>F2837xD_sdfm_drivers.obj</name>
      </input_file>
      <input_file id="fl-3d">
         <path>E:\ti\imodiandexiaowu\28379d_temp\Debug\.\4.common\source\</path>
         <kind>object</kind>
         <file>F2837xD_struct.obj</file>
         <name>F2837xD_struct.obj</name>
      </input_file>
      <input_file id="fl-3e">
         <path>E:\ti\imodiandexiaowu\28379d_temp\Debug\.\4.common\source\</path>
         <kind>object</kind>
         <file>F2837xD_usDelay.obj</file>
         <name>F2837xD_usDelay.obj</name>
      </input_file>
      <input_file id="fl-3f">
         <path>E:\ti\imodiandexiaowu\28379d_temp\Debug\.\4.common\source\</path>
         <kind>object</kind>
         <file>device.obj</file>
         <name>device.obj</name>
      </input_file>
      <input_file id="fl-40">
         <path>E:\ti\imodiandexiaowu\28379d_temp\Debug\.\5.headers\source\</path>
         <kind>object</kind>
         <file>F2837xD_GlobalVariableDefs.obj</file>
         <name>F2837xD_GlobalVariableDefs.obj</name>
      </input_file>
      <input_file id="fl-41">
         <path>E:\ti\imodiandexiaowu\28379d_temp\Debug\.\6.user\</path>
         <kind>object</kind>
         <file>main_cpu1.obj</file>
         <name>main_cpu1.obj</name>
      </input_file>
      <input_file id="fl-47">
         <path>E:\ti\imodiandexiaowu\28379d_temp\Debug\..\2.math_lib\</path>
         <kind>archive</kind>
         <file>rts2800_fpu32_eabi.lib</file>
         <name>boot28.asm.obj</name>
      </input_file>
      <input_file id="fl-49">
         <path>E:\ti\imodiandexiaowu\28379d_temp\Debug\</path>
         <kind>object</kind>
         <file>&lt;internal&gt;</file>
         <name>&lt;internal&gt;</name>
      </input_file>
      <input_file id="fl-4a">
         <path>E:\ti\imodiandexiaowu\28379d_temp\Debug\..\2.math_lib\</path>
         <kind>archive</kind>
         <file>rts2800_fpu32_eabi.lib</file>
         <name>pre_init.c.obj</name>
      </input_file>
      <input_file id="fl-4b">
         <path>E:\ti\imodiandexiaowu\28379d_temp\Debug\..\2.math_lib\</path>
         <kind>archive</kind>
         <file>rts2800_fpu32_eabi.lib</file>
         <name>autoinit.c.obj</name>
      </input_file>
      <input_file id="fl-4c">
         <path>E:\ti\imodiandexiaowu\28379d_temp\Debug\..\2.math_lib\</path>
         <kind>archive</kind>
         <file>rts2800_fpu32_eabi.lib</file>
         <name>copy_zero_init.c.obj</name>
      </input_file>
      <input_file id="fl-4d">
         <path>E:\ti\imodiandexiaowu\28379d_temp\Debug\..\2.math_lib\</path>
         <kind>archive</kind>
         <file>rts2800_fpu32_eabi.lib</file>
         <name>copy_decompress_none.c.obj</name>
      </input_file>
      <input_file id="fl-4e">
         <path>E:\ti\imodiandexiaowu\28379d_temp\Debug\..\2.math_lib\</path>
         <kind>archive</kind>
         <file>rts2800_fpu32_eabi.lib</file>
         <name>copy_decompress_lzss.c.obj</name>
      </input_file>
      <input_file id="fl-4f">
         <path>E:\ti\imodiandexiaowu\28379d_temp\Debug\..\2.math_lib\</path>
         <kind>archive</kind>
         <file>rts2800_fpu32_eabi.lib</file>
         <name>exit.c.obj</name>
      </input_file>
      <input_file id="fl-50">
         <path>E:\ti\imodiandexiaowu\28379d_temp\Debug\..\2.math_lib\</path>
         <kind>archive</kind>
         <file>rts2800_fpu32_eabi.lib</file>
         <name>_lock.c.obj</name>
      </input_file>
      <input_file id="fl-51">
         <path>E:\ti\imodiandexiaowu\28379d_temp\Debug\..\2.math_lib\</path>
         <kind>archive</kind>
         <file>rts2800_fpu32_eabi.lib</file>
         <name>args_main.c.obj</name>
      </input_file>
      <input_file id="fl-52">
         <path>E:\ti\imodiandexiaowu\28379d_temp\Debug\..\2.math_lib\</path>
         <kind>archive</kind>
         <file>rts2800_fpu32_eabi.lib</file>
         <name>memset.c.obj</name>
      </input_file>
      <input_file id="fl-53">
         <path>E:\ti\imodiandexiaowu\28379d_temp\Debug\..\2.math_lib\</path>
         <kind>archive</kind>
         <file>rts2800_fpu32_eabi.lib</file>
         <name>cpy_tbl.c.obj</name>
      </input_file>
      <input_file id="fl-54">
         <path>E:\ti\imodiandexiaowu\28379d_temp\Debug\..\2.math_lib\</path>
         <kind>archive</kind>
         <file>rts2800_fpu32_eabi.lib</file>
         <name>memcpy.c.obj</name>
      </input_file>
      <input_file id="fl-55">
         <path>E:\ti\imodiandexiaowu\28379d_temp\Debug\..\2.math_lib\</path>
         <kind>archive</kind>
         <file>rts2800_fpu32_eabi.lib</file>
         <name>startup.c.obj</name>
      </input_file>
      <input_file id="fl-61">
         <path>E:\ti\ccs2100\ccs\tools\compiler\ti-cgt-c2000_25.11.1.LTS\lib\</path>
         <kind>archive</kind>
         <file>rts2800_fpu32_eabi.lib</file>
         <name>fd_cmp28.asm.obj</name>
      </input_file>
      <input_file id="fl-62">
         <path>E:\ti\ccs2100\ccs\tools\compiler\ti-cgt-c2000_25.11.1.LTS\lib\</path>
         <kind>archive</kind>
         <file>rts2800_fpu32_eabi.lib</file>
         <name>fd_mpy28.asm.obj</name>
      </input_file>
      <input_file id="fl-63">
         <path>E:\ti\ccs2100\ccs\tools\compiler\ti-cgt-c2000_25.11.1.LTS\lib\</path>
         <kind>archive</kind>
         <file>rts2800_fpu32_eabi.lib</file>
         <name>fd_toi28.asm.obj</name>
      </input_file>
      <input_file id="fl-64">
         <path>E:\ti\ccs2100\ccs\tools\compiler\ti-cgt-c2000_25.11.1.LTS\lib\</path>
         <kind>archive</kind>
         <file>rts2800_fpu32_eabi.lib</file>
         <name>fs_div28.asm.obj</name>
      </input_file>
      <input_file id="fl-65">
         <path>E:\ti\ccs2100\ccs\tools\compiler\ti-cgt-c2000_25.11.1.LTS\lib\</path>
         <kind>archive</kind>
         <file>rts2800_fpu32_eabi.lib</file>
         <name>ll_aox28.asm.obj</name>
      </input_file>
      <input_file id="fl-66">
         <path>E:\ti\ccs2100\ccs\tools\compiler\ti-cgt-c2000_25.11.1.LTS\lib\</path>
         <kind>archive</kind>
         <file>rts2800_fpu32_eabi.lib</file>
         <name>i_tofd28.asm.obj</name>
      </input_file>
      <input_file id="fl-67">
         <path>E:\ti\ccs2100\ccs\tools\compiler\ti-cgt-c2000_25.11.1.LTS\lib\</path>
         <kind>archive</kind>
         <file>rts2800_fpu32_eabi.lib</file>
         <name>l_tofd28.asm.obj</name>
      </input_file>
      <input_file id="fl-68">
         <path>E:\ti\ccs2100\ccs\tools\compiler\ti-cgt-c2000_25.11.1.LTS\lib\</path>
         <kind>archive</kind>
         <file>rts2800_fpu32_eabi.lib</file>
         <name>fs_tofdfpu32.asm.obj</name>
      </input_file>
      <input_file id="fl-69">
         <path>E:\ti\ccs2100\ccs\tools\compiler\ti-cgt-c2000_25.11.1.LTS\lib\</path>
         <kind>archive</kind>
         <file>rts2800_fpu32_eabi.lib</file>
         <name>fd_div28.asm.obj</name>
      </input_file>
   </input_file_list>
   <object_component_list>
      <object_component id="oc-a5">
         <name>codestart</name>
         <load_address>0x0</load_address>
         <readonly>true</readonly>
         <executable>true</executable>
         <run_address>0x0</run_address>
         <size>0x2</size>
         <alignment>0x1</alignment>
         <input_file_ref idref="fl-23"/>
      </object_component>
      <object_component id="oc-aa">
         <name>.text:retain</name>
         <load_address>0x8000</load_address>
         <readonly>true</readonly>
         <executable>true</executable>
         <run_address>0x8000</run_address>
         <size>0x585</size>
         <alignment>0x1</alignment>
         <input_file_ref idref="fl-26"/>
      </object_component>
      <object_component id="oc-169">
         <name>.text</name>
         <load_address>0x8585</load_address>
         <readonly>true</readonly>
         <executable>true</executable>
         <run_address>0x8585</run_address>
         <size>0x185</size>
         <alignment>0x1</alignment>
         <input_file_ref idref="fl-16"/>
      </object_component>
      <object_component id="oc-1b2">
         <name>.text</name>
         <load_address>0x870a</load_address>
         <readonly>true</readonly>
         <executable>true</executable>
         <run_address>0x870a</run_address>
         <size>0x88</size>
         <alignment>0x1</alignment>
         <input_file_ref idref="fl-64"/>
      </object_component>
      <object_component id="oc-93">
         <name>.text:decompress:lzss</name>
         <load_address>0x8792</load_address>
         <readonly>true</readonly>
         <executable>true</executable>
         <run_address>0x8792</run_address>
         <size>0x2e</size>
         <alignment>0x1</alignment>
         <input_file_ref idref="fl-4e"/>
      </object_component>
      <object_component id="oc-fc">
         <name>.text:__TI_auto_init_nobinit_nopinit</name>
         <load_address>0x87c0</load_address>
         <readonly>true</readonly>
         <executable>true</executable>
         <run_address>0x87c0</run_address>
         <size>0x2b</size>
         <alignment>0x1</alignment>
         <input_file_ref idref="fl-4b"/>
      </object_component>
      <object_component id="oc-17d">
         <name>.text</name>
         <load_address>0x87eb</load_address>
         <readonly>true</readonly>
         <executable>true</executable>
         <run_address>0x87eb</run_address>
         <size>0x9</size>
         <alignment>0x1</alignment>
         <input_file_ref idref="fl-50"/>
      </object_component>
      <object_component id="oc-de">
         <name>.text</name>
         <load_address>0x87f4</load_address>
         <readonly>true</readonly>
         <executable>true</executable>
         <run_address>0x87f4</run_address>
         <size>0x8</size>
         <alignment>0x1</alignment>
         <input_file_ref idref="fl-23"/>
      </object_component>
      <object_component id="oc-ca">
         <name>.text</name>
         <load_address>0x87fc</load_address>
         <readonly>true</readonly>
         <executable>true</executable>
         <run_address>0x87fc</run_address>
         <size>0x2</size>
         <alignment>0x1</alignment>
         <input_file_ref idref="fl-4a"/>
      </object_component>
      <object_component id="oc-163">
         <name>.text</name>
         <load_address>0x8800</load_address>
         <readonly>true</readonly>
         <executable>true</executable>
         <run_address>0x8800</run_address>
         <size>0x3d8</size>
         <alignment>0x1</alignment>
         <input_file_ref idref="fl-3f"/>
      </object_component>
      <object_component id="oc-d7">
         <name>.text</name>
         <load_address>0x8bd8</load_address>
         <readonly>true</readonly>
         <executable>true</executable>
         <run_address>0x8bd8</run_address>
         <size>0x29</size>
         <alignment>0x1</alignment>
         <input_file_ref idref="fl-4f"/>
      </object_component>
      <object_component id="oc-b6">
         <name>.text</name>
         <load_address>0x8c01</load_address>
         <readonly>true</readonly>
         <executable>true</executable>
         <run_address>0x8c01</run_address>
         <size>0x1d</size>
         <alignment>0x1</alignment>
         <input_file_ref idref="fl-54"/>
      </object_component>
      <object_component id="oc-a0">
         <name>.text</name>
         <load_address>0x8c1e</load_address>
         <readonly>true</readonly>
         <executable>true</executable>
         <run_address>0x8c1e</run_address>
         <size>0x17</size>
         <alignment>0x1</alignment>
         <input_file_ref idref="fl-47"/>
      </object_component>
      <object_component id="oc-99">
         <name>.text:decompress:none</name>
         <load_address>0x8c35</load_address>
         <readonly>true</readonly>
         <executable>true</executable>
         <run_address>0x8c35</run_address>
         <size>0x8</size>
         <alignment>0x1</alignment>
         <input_file_ref idref="fl-4d"/>
      </object_component>
      <object_component id="oc-193">
         <name>.text</name>
         <load_address>0xb000</load_address>
         <readonly>true</readonly>
         <executable>true</executable>
         <run_address>0xb000</run_address>
         <size>0x59a</size>
         <alignment>0x1</alignment>
         <input_file_ref idref="fl-1d"/>
      </object_component>
      <object_component id="oc-16f">
         <name>.text</name>
         <load_address>0xb59a</load_address>
         <readonly>true</readonly>
         <executable>true</executable>
         <run_address>0xb59a</run_address>
         <size>0x1e0</size>
         <alignment>0x1</alignment>
         <input_file_ref idref="fl-13"/>
      </object_component>
      <object_component id="oc-12c">
         <name>.text</name>
         <load_address>0xb77a</load_address>
         <readonly>true</readonly>
         <executable>true</executable>
         <run_address>0xb77a</run_address>
         <size>0x79</size>
         <alignment>0x1</alignment>
         <input_file_ref idref="fl-41"/>
      </object_component>
      <object_component id="oc-d1">
         <name>.text</name>
         <load_address>0xb7f3</load_address>
         <readonly>true</readonly>
         <executable>true</executable>
         <run_address>0xb7f3</run_address>
         <size>0xc</size>
         <alignment>0x1</alignment>
         <input_file_ref idref="fl-51"/>
      </object_component>
      <object_component id="oc-14e">
         <name>.text</name>
         <load_address>0xb7ff</load_address>
         <readonly>true</readonly>
         <executable>true</executable>
         <run_address>0xb7ff</run_address>
         <size>0x1</size>
         <alignment>0x1</alignment>
         <input_file_ref idref="fl-55"/>
      </object_component>
      <object_component id="oc-26e">
         <name>.cinit..data.load</name>
         <load_address>0x128</load_address>
         <readonly>true</readonly>
         <run_address>0x128</run_address>
         <size>0x9</size>
         <alignment>0x1</alignment>
      </object_component>
      <object_component id="oc-26c">
         <name>__TI_handler_table</name>
         <load_address>0x132</load_address>
         <readonly>true</readonly>
         <run_address>0x132</run_address>
         <size>0x4</size>
         <alignment>0x2</alignment>
      </object_component>
      <object_component id="oc-26d">
         <name>__TI_cinit_table</name>
         <load_address>0x136</load_address>
         <readonly>true</readonly>
         <run_address>0x136</run_address>
         <size>0x4</size>
         <alignment>0x2</alignment>
      </object_component>
      <object_component id="oc-b3">
         <name>.stack</name>
         <uninitialized>true</uninitialized>
         <readwrite>true</readwrite>
         <run_address>0x400</run_address>
         <size>0x0</size>
         <alignment>0x1</alignment>
         <input_file_ref idref="fl-47"/>
      </object_component>
      <object_component id="oc-26f">
         <name>.stack</name>
         <uninitialized>true</uninitialized>
         <readwrite>true</readwrite>
         <run_address>0x400</run_address>
         <size>0x0</size>
         <alignment>0x2</alignment>
      </object_component>
      <object_component id="oc-b0">
         <name>.const</name>
         <load_address>0xa800</load_address>
         <readonly>true</readonly>
         <run_address>0xa800</run_address>
         <size>0x1c0</size>
         <alignment>0x2</alignment>
         <input_file_ref idref="fl-34"/>
      </object_component>
      <object_component id="oc-199">
         <name>.data</name>
         <load_address>0xa9c0</load_address>
         <readwrite>true</readwrite>
         <run_address>0xa9c0</run_address>
         <size>0x6</size>
         <alignment>0x2</alignment>
         <input_file_ref idref="fl-3f"/>
      </object_component>
      <object_component id="oc-134">
         <name>.data</name>
         <load_address>0xa9c6</load_address>
         <readwrite>true</readwrite>
         <run_address>0xa9c6</run_address>
         <size>0x6</size>
         <alignment>0x2</alignment>
         <input_file_ref idref="fl-4f"/>
      </object_component>
      <object_component id="oc-137">
         <name>.data:_lock</name>
         <load_address>0xa9cc</load_address>
         <readwrite>true</readwrite>
         <run_address>0xa9cc</run_address>
         <size>0x2</size>
         <alignment>0x2</alignment>
         <input_file_ref idref="fl-50"/>
      </object_component>
      <object_component id="oc-1a5">
         <name>.data:_unlock</name>
         <load_address>0xa9ce</load_address>
         <readwrite>true</readwrite>
         <run_address>0xa9ce</run_address>
         <size>0x2</size>
         <alignment>0x2</alignment>
         <input_file_ref idref="fl-50"/>
      </object_component>
      <object_component id="oc-175">
         <name>.TI.ramfunc</name>
         <load_address>0x123</load_address>
         <readonly>true</readonly>
         <executable>true</executable>
         <run_address>0x123</run_address>
         <size>0x4</size>
         <alignment>0x1</alignment>
         <input_file_ref idref="fl-1d"/>
      </object_component>
      <object_component id="oc-1a1">
         <name>.debug_types</name>
         <load_address>0x0</load_address>
         <run_address>0x0</run_address>
         <size>0x8ef</size>
         <alignment>0x0</alignment>
         <input_file_ref idref="fl-13"/>
      </object_component>
      <object_component id="oc-19f">
         <name>.debug_types</name>
         <load_address>0x0</load_address>
         <run_address>0x0</run_address>
         <size>0x0</size>
         <alignment>0x0</alignment>
         <input_file_ref idref="fl-16"/>
      </object_component>
      <object_component id="oc-1b8">
         <name>.debug_types</name>
         <load_address>0x8ef</load_address>
         <run_address>0x8ef</run_address>
         <size>0x3a1</size>
         <alignment>0x0</alignment>
         <input_file_ref idref="fl-1d"/>
      </object_component>
      <object_component id="oc-e5">
         <name>.debug_types</name>
         <load_address>0x0</load_address>
         <run_address>0x0</run_address>
         <size>0x0</size>
         <alignment>0x0</alignment>
         <input_file_ref idref="fl-26"/>
      </object_component>
      <object_component id="oc-e8">
         <name>.debug_types</name>
         <load_address>0xc90</load_address>
         <run_address>0xc90</run_address>
         <size>0x1cfa</size>
         <alignment>0x0</alignment>
         <input_file_ref idref="fl-34"/>
      </object_component>
      <object_component id="oc-19d">
         <name>.debug_types</name>
         <load_address>0x298a</load_address>
         <run_address>0x298a</run_address>
         <size>0xcd4</size>
         <alignment>0x0</alignment>
         <input_file_ref idref="fl-3f"/>
      </object_component>
      <object_component id="oc-177">
         <name>.debug_types</name>
         <load_address>0x0</load_address>
         <run_address>0x0</run_address>
         <size>0x0</size>
         <alignment>0x0</alignment>
         <input_file_ref idref="fl-41"/>
      </object_component>
      <object_component id="oc-fb">
         <name>.debug_types</name>
         <load_address>0x0</load_address>
         <run_address>0x0</run_address>
         <size>0x0</size>
         <alignment>0x0</alignment>
         <input_file_ref idref="fl-4a"/>
      </object_component>
      <object_component id="oc-155">
         <name>.debug_types</name>
         <load_address>0x365e</load_address>
         <run_address>0x365e</run_address>
         <size>0x49b</size>
         <alignment>0x0</alignment>
         <input_file_ref idref="fl-4b"/>
      </object_component>
      <object_component id="oc-bd">
         <name>.debug_types</name>
         <load_address>0x3af9</load_address>
         <run_address>0x3af9</run_address>
         <size>0x1c8</size>
         <alignment>0x0</alignment>
         <input_file_ref idref="fl-4d"/>
      </object_component>
      <object_component id="oc-b5">
         <name>.debug_types</name>
         <load_address>0x3cc1</load_address>
         <run_address>0x3cc1</run_address>
         <size>0x191</size>
         <alignment>0x0</alignment>
         <input_file_ref idref="fl-4e"/>
      </object_component>
      <object_component id="oc-13b">
         <name>.debug_types</name>
         <load_address>0x3e52</load_address>
         <run_address>0x3e52</run_address>
         <size>0xbf</size>
         <alignment>0x0</alignment>
         <input_file_ref idref="fl-4f"/>
      </object_component>
      <object_component id="oc-185">
         <name>.debug_types</name>
         <load_address>0x3f11</load_address>
         <run_address>0x3f11</run_address>
         <size>0x2f</size>
         <alignment>0x0</alignment>
         <input_file_ref idref="fl-50"/>
      </object_component>
      <object_component id="oc-133">
         <name>.debug_types</name>
         <load_address>0x3f40</load_address>
         <run_address>0x3f40</run_address>
         <size>0xe1</size>
         <alignment>0x0</alignment>
         <input_file_ref idref="fl-51"/>
      </object_component>
      <object_component id="oc-ed">
         <name>.debug_types</name>
         <load_address>0x4021</load_address>
         <run_address>0x4021</run_address>
         <size>0xe3</size>
         <alignment>0x0</alignment>
         <input_file_ref idref="fl-54"/>
      </object_component>
      <object_component id="oc-18d">
         <name>.debug_types</name>
         <load_address>0x0</load_address>
         <run_address>0x0</run_address>
         <size>0x0</size>
         <alignment>0x0</alignment>
         <input_file_ref idref="fl-55"/>
      </object_component>
      <object_component id="oc-172">
         <name>.debug_info</name>
         <load_address>0x0</load_address>
         <run_address>0x0</run_address>
         <size>0xa82</size>
         <alignment>0x0</alignment>
         <input_file_ref idref="fl-13"/>
      </object_component>
      <object_component id="oc-16a">
         <name>.debug_info</name>
         <load_address>0xa82</load_address>
         <run_address>0xa82</run_address>
         <size>0x790</size>
         <alignment>0x0</alignment>
         <input_file_ref idref="fl-16"/>
      </object_component>
      <object_component id="oc-196">
         <name>.debug_info</name>
         <load_address>0x1212</load_address>
         <run_address>0x1212</run_address>
         <size>0x1460</size>
         <alignment>0x0</alignment>
         <input_file_ref idref="fl-1d"/>
      </object_component>
      <object_component id="oc-a7">
         <name>.debug_info</name>
         <load_address>0x2672</load_address>
         <run_address>0x2672</run_address>
         <size>0x10e</size>
         <alignment>0x0</alignment>
         <input_file_ref idref="fl-23"/>
      </object_component>
      <object_component id="oc-df">
         <name>.debug_info</name>
         <load_address>0x2780</load_address>
         <run_address>0x2780</run_address>
         <size>0x10f</size>
         <alignment>0x0</alignment>
         <input_file_ref idref="fl-23"/>
      </object_component>
      <object_component id="oc-ae">
         <name>.debug_info</name>
         <load_address>0x288f</load_address>
         <run_address>0x288f</run_address>
         <size>0x2ceb</size>
         <alignment>0x0</alignment>
         <input_file_ref idref="fl-26"/>
      </object_component>
      <object_component id="oc-b1">
         <name>.debug_info</name>
         <load_address>0x557a</load_address>
         <run_address>0x557a</run_address>
         <size>0x108</size>
         <alignment>0x0</alignment>
         <input_file_ref idref="fl-34"/>
      </object_component>
      <object_component id="oc-19a">
         <name>.debug_info</name>
         <load_address>0x5682</load_address>
         <run_address>0x5682</run_address>
         <size>0x150</size>
         <alignment>0x0</alignment>
         <input_file_ref idref="fl-3f"/>
      </object_component>
      <object_component id="oc-165">
         <name>.debug_info</name>
         <load_address>0x57d2</load_address>
         <run_address>0x57d2</run_address>
         <size>0x1ca3</size>
         <alignment>0x0</alignment>
         <input_file_ref idref="fl-3f"/>
      </object_component>
      <object_component id="oc-12f">
         <name>.debug_info</name>
         <load_address>0x7475</load_address>
         <run_address>0x7475</run_address>
         <size>0x48d</size>
         <alignment>0x0</alignment>
         <input_file_ref idref="fl-41"/>
      </object_component>
      <object_component id="oc-a1">
         <name>.debug_info</name>
         <load_address>0x7902</load_address>
         <run_address>0x7902</run_address>
         <size>0x158</size>
         <alignment>0x0</alignment>
         <input_file_ref idref="fl-47"/>
      </object_component>
      <object_component id="oc-ce">
         <name>.debug_info</name>
         <load_address>0x7a5a</load_address>
         <run_address>0x7a5a</run_address>
         <size>0x14d</size>
         <alignment>0x0</alignment>
         <input_file_ref idref="fl-4a"/>
      </object_component>
      <object_component id="oc-fd">
         <name>.debug_info</name>
         <load_address>0x7ba7</load_address>
         <run_address>0x7ba7</run_address>
         <size>0x1bf</size>
         <alignment>0x0</alignment>
         <input_file_ref idref="fl-4b"/>
      </object_component>
      <object_component id="oc-9b">
         <name>.debug_info</name>
         <load_address>0x7d66</load_address>
         <run_address>0x7d66</run_address>
         <size>0x1b7</size>
         <alignment>0x0</alignment>
         <input_file_ref idref="fl-4d"/>
      </object_component>
      <object_component id="oc-95">
         <name>.debug_info</name>
         <load_address>0x7f1d</load_address>
         <run_address>0x7f1d</run_address>
         <size>0x20c</size>
         <alignment>0x0</alignment>
         <input_file_ref idref="fl-4e"/>
      </object_component>
      <object_component id="oc-135">
         <name>.debug_info</name>
         <load_address>0x8129</load_address>
         <run_address>0x8129</run_address>
         <size>0x19e</size>
         <alignment>0x0</alignment>
         <input_file_ref idref="fl-4f"/>
      </object_component>
      <object_component id="oc-d9">
         <name>.debug_info</name>
         <load_address>0x82c7</load_address>
         <run_address>0x82c7</run_address>
         <size>0x1a9</size>
         <alignment>0x0</alignment>
         <input_file_ref idref="fl-4f"/>
      </object_component>
      <object_component id="oc-138">
         <name>.debug_info</name>
         <load_address>0x8470</load_address>
         <run_address>0x8470</run_address>
         <size>0x107</size>
         <alignment>0x0</alignment>
         <input_file_ref idref="fl-50"/>
      </object_component>
      <object_component id="oc-1a6">
         <name>.debug_info</name>
         <load_address>0x8577</load_address>
         <run_address>0x8577</run_address>
         <size>0x10b</size>
         <alignment>0x0</alignment>
         <input_file_ref idref="fl-50"/>
      </object_component>
      <object_component id="oc-17f">
         <name>.debug_info</name>
         <load_address>0x8682</load_address>
         <run_address>0x8682</run_address>
         <size>0x203</size>
         <alignment>0x0</alignment>
         <input_file_ref idref="fl-50"/>
      </object_component>
      <object_component id="oc-d5">
         <name>.debug_info</name>
         <load_address>0x8885</load_address>
         <run_address>0x8885</run_address>
         <size>0x15d</size>
         <alignment>0x0</alignment>
         <input_file_ref idref="fl-51"/>
      </object_component>
      <object_component id="oc-b7">
         <name>.debug_info</name>
         <load_address>0x89e2</load_address>
         <run_address>0x89e2</run_address>
         <size>0x19b</size>
         <alignment>0x0</alignment>
         <input_file_ref idref="fl-54"/>
      </object_component>
      <object_component id="oc-150">
         <name>.debug_info</name>
         <load_address>0x8b7d</load_address>
         <run_address>0x8b7d</run_address>
         <size>0x147</size>
         <alignment>0x0</alignment>
         <input_file_ref idref="fl-55"/>
      </object_component>
      <object_component id="oc-1b3">
         <name>.debug_info</name>
         <load_address>0x8cc4</load_address>
         <run_address>0x8cc4</run_address>
         <size>0x110</size>
         <alignment>0x0</alignment>
         <input_file_ref idref="fl-64"/>
      </object_component>
      <object_component id="oc-273">
         <name>.debug_info</name>
         <load_address>0x8dd4</load_address>
         <run_address>0x8dd4</run_address>
         <size>0x9c</size>
         <alignment>0x0</alignment>
      </object_component>
      <object_component id="oc-170">
         <name>.debug_line</name>
         <load_address>0x0</load_address>
         <run_address>0x0</run_address>
         <size>0x26e</size>
         <alignment>0x0</alignment>
         <input_file_ref idref="fl-13"/>
      </object_component>
      <object_component id="oc-1c2">
         <name>.debug_line</name>
         <load_address>0x26e</load_address>
         <run_address>0x26e</run_address>
         <size>0x5e</size>
         <alignment>0x0</alignment>
         <input_file_ref idref="fl-13"/>
      </object_component>
      <object_component id="oc-16d">
         <name>.debug_line</name>
         <load_address>0x2cc</load_address>
         <run_address>0x2cc</run_address>
         <size>0x222</size>
         <alignment>0x0</alignment>
         <input_file_ref idref="fl-16"/>
      </object_component>
      <object_component id="oc-1bf">
         <name>.debug_line</name>
         <load_address>0x4ee</load_address>
         <run_address>0x4ee</run_address>
         <size>0x21</size>
         <alignment>0x0</alignment>
         <input_file_ref idref="fl-16"/>
      </object_component>
      <object_component id="oc-198">
         <name>.debug_line</name>
         <load_address>0x50f</load_address>
         <run_address>0x50f</run_address>
         <size>0x695</size>
         <alignment>0x0</alignment>
         <input_file_ref idref="fl-1d"/>
      </object_component>
      <object_component id="oc-1c8">
         <name>.debug_line</name>
         <load_address>0xba4</load_address>
         <run_address>0xba4</run_address>
         <size>0xa1</size>
         <alignment>0x0</alignment>
         <input_file_ref idref="fl-1d"/>
      </object_component>
      <object_component id="oc-a6">
         <name>.debug_line</name>
         <load_address>0xc45</load_address>
         <run_address>0xc45</run_address>
         <size>0x5e</size>
         <alignment>0x0</alignment>
         <input_file_ref idref="fl-23"/>
      </object_component>
      <object_component id="oc-e2">
         <name>.debug_line</name>
         <load_address>0xca3</load_address>
         <run_address>0xca3</run_address>
         <size>0x66</size>
         <alignment>0x0</alignment>
         <input_file_ref idref="fl-23"/>
      </object_component>
      <object_component id="oc-ab">
         <name>.debug_line</name>
         <load_address>0xd09</load_address>
         <run_address>0xd09</run_address>
         <size>0xcf0</size>
         <alignment>0x0</alignment>
         <input_file_ref idref="fl-26"/>
      </object_component>
      <object_component id="oc-13e">
         <name>.debug_line</name>
         <load_address>0x19f9</load_address>
         <run_address>0x19f9</run_address>
         <size>0x21</size>
         <alignment>0x0</alignment>
         <input_file_ref idref="fl-26"/>
      </object_component>
      <object_component id="oc-e7">
         <name>.debug_line</name>
         <load_address>0x1a1a</load_address>
         <run_address>0x1a1a</run_address>
         <size>0x56</size>
         <alignment>0x0</alignment>
         <input_file_ref idref="fl-34"/>
      </object_component>
      <object_component id="oc-141">
         <name>.debug_line</name>
         <load_address>0x1a70</load_address>
         <run_address>0x1a70</run_address>
         <size>0xb5</size>
         <alignment>0x0</alignment>
         <input_file_ref idref="fl-34"/>
      </object_component>
      <object_component id="oc-1ba">
         <name>.debug_line</name>
         <load_address>0x1b25</load_address>
         <run_address>0x1b25</run_address>
         <size>0x40</size>
         <alignment>0x0</alignment>
         <input_file_ref idref="fl-3f"/>
      </object_component>
      <object_component id="oc-168">
         <name>.debug_line</name>
         <load_address>0x1b65</load_address>
         <run_address>0x1b65</run_address>
         <size>0x3f7</size>
         <alignment>0x0</alignment>
         <input_file_ref idref="fl-3f"/>
      </object_component>
      <object_component id="oc-1bc">
         <name>.debug_line</name>
         <load_address>0x1f5c</load_address>
         <run_address>0x1f5c</run_address>
         <size>0x9d</size>
         <alignment>0x0</alignment>
         <input_file_ref idref="fl-3f"/>
      </object_component>
      <object_component id="oc-12d">
         <name>.debug_line</name>
         <load_address>0x1ff9</load_address>
         <run_address>0x1ff9</run_address>
         <size>0x13b</size>
         <alignment>0x0</alignment>
         <input_file_ref idref="fl-41"/>
      </object_component>
      <object_component id="oc-1a3">
         <name>.debug_line</name>
         <load_address>0x2134</load_address>
         <run_address>0x2134</run_address>
         <size>0xdf</size>
         <alignment>0x0</alignment>
         <input_file_ref idref="fl-41"/>
      </object_component>
      <object_component id="oc-a4">
         <name>.debug_line</name>
         <load_address>0x2213</load_address>
         <run_address>0x2213</run_address>
         <size>0x4f</size>
         <alignment>0x0</alignment>
         <input_file_ref idref="fl-47"/>
      </object_component>
      <object_component id="oc-cb">
         <name>.debug_line</name>
         <load_address>0x2262</load_address>
         <run_address>0x2262</run_address>
         <size>0x3f</size>
         <alignment>0x0</alignment>
         <input_file_ref idref="fl-4a"/>
      </object_component>
      <object_component id="oc-14c">
         <name>.debug_line</name>
         <load_address>0x22a1</load_address>
         <run_address>0x22a1</run_address>
         <size>0x21</size>
         <alignment>0x0</alignment>
         <input_file_ref idref="fl-4a"/>
      </object_component>
      <object_component id="oc-100">
         <name>.debug_line</name>
         <load_address>0x22c2</load_address>
         <run_address>0x22c2</run_address>
         <size>0x74</size>
         <alignment>0x0</alignment>
         <input_file_ref idref="fl-4b"/>
      </object_component>
      <object_component id="oc-18f">
         <name>.debug_line</name>
         <load_address>0x2336</load_address>
         <run_address>0x2336</run_address>
         <size>0x21</size>
         <alignment>0x0</alignment>
         <input_file_ref idref="fl-4b"/>
      </object_component>
      <object_component id="oc-9d">
         <name>.debug_line</name>
         <load_address>0x2357</load_address>
         <run_address>0x2357</run_address>
         <size>0x57</size>
         <alignment>0x0</alignment>
         <input_file_ref idref="fl-4d"/>
      </object_component>
      <object_component id="oc-ef">
         <name>.debug_line</name>
         <load_address>0x23ae</load_address>
         <run_address>0x23ae</run_address>
         <size>0x21</size>
         <alignment>0x0</alignment>
         <input_file_ref idref="fl-4d"/>
      </object_component>
      <object_component id="oc-98">
         <name>.debug_line</name>
         <load_address>0x23cf</load_address>
         <run_address>0x23cf</run_address>
         <size>0x9a</size>
         <alignment>0x0</alignment>
         <input_file_ref idref="fl-4e"/>
      </object_component>
      <object_component id="oc-ea">
         <name>.debug_line</name>
         <load_address>0x2469</load_address>
         <run_address>0x2469</run_address>
         <size>0x21</size>
         <alignment>0x0</alignment>
         <input_file_ref idref="fl-4e"/>
      </object_component>
      <object_component id="oc-17c">
         <name>.debug_line</name>
         <load_address>0x248a</load_address>
         <run_address>0x248a</run_address>
         <size>0x2b</size>
         <alignment>0x0</alignment>
         <input_file_ref idref="fl-4f"/>
      </object_component>
      <object_component id="oc-db">
         <name>.debug_line</name>
         <load_address>0x24b5</load_address>
         <run_address>0x24b5</run_address>
         <size>0x66</size>
         <alignment>0x0</alignment>
         <input_file_ref idref="fl-4f"/>
      </object_component>
      <object_component id="oc-187">
         <name>.debug_line</name>
         <load_address>0x251b</load_address>
         <run_address>0x251b</run_address>
         <size>0x21</size>
         <alignment>0x0</alignment>
         <input_file_ref idref="fl-4f"/>
      </object_component>
      <object_component id="oc-184">
         <name>.debug_line</name>
         <load_address>0x253c</load_address>
         <run_address>0x253c</run_address>
         <size>0x2c</size>
         <alignment>0x0</alignment>
         <input_file_ref idref="fl-50"/>
      </object_component>
      <object_component id="oc-1c5">
         <name>.debug_line</name>
         <load_address>0x2568</load_address>
         <run_address>0x2568</run_address>
         <size>0x2c</size>
         <alignment>0x0</alignment>
         <input_file_ref idref="fl-50"/>
      </object_component>
      <object_component id="oc-182">
         <name>.debug_line</name>
         <load_address>0x2594</load_address>
         <run_address>0x2594</run_address>
         <size>0x5f</size>
         <alignment>0x0</alignment>
         <input_file_ref idref="fl-50"/>
      </object_component>
      <object_component id="oc-1aa">
         <name>.debug_line</name>
         <load_address>0x25f3</load_address>
         <run_address>0x25f3</run_address>
         <size>0x21</size>
         <alignment>0x0</alignment>
         <input_file_ref idref="fl-50"/>
      </object_component>
      <object_component id="oc-d2">
         <name>.debug_line</name>
         <load_address>0x2614</load_address>
         <run_address>0x2614</run_address>
         <size>0x4e</size>
         <alignment>0x0</alignment>
         <input_file_ref idref="fl-51"/>
      </object_component>
      <object_component id="oc-179">
         <name>.debug_line</name>
         <load_address>0x2662</load_address>
         <run_address>0x2662</run_address>
         <size>0x30</size>
         <alignment>0x0</alignment>
         <input_file_ref idref="fl-51"/>
      </object_component>
      <object_component id="oc-bb">
         <name>.debug_line</name>
         <load_address>0x2692</load_address>
         <run_address>0x2692</run_address>
         <size>0x63</size>
         <alignment>0x0</alignment>
         <input_file_ref idref="fl-54"/>
      </object_component>
      <object_component id="oc-144">
         <name>.debug_line</name>
         <load_address>0x26f5</load_address>
         <run_address>0x26f5</run_address>
         <size>0x21</size>
         <alignment>0x0</alignment>
         <input_file_ref idref="fl-54"/>
      </object_component>
      <object_component id="oc-14f">
         <name>.debug_line</name>
         <load_address>0x2716</load_address>
         <run_address>0x2716</run_address>
         <size>0x3b</size>
         <alignment>0x0</alignment>
         <input_file_ref idref="fl-55"/>
      </object_component>
      <object_component id="oc-1ad">
         <name>.debug_line</name>
         <load_address>0x2751</load_address>
         <run_address>0x2751</run_address>
         <size>0x21</size>
         <alignment>0x0</alignment>
         <input_file_ref idref="fl-55"/>
      </object_component>
      <object_component id="oc-1b6">
         <name>.debug_line</name>
         <load_address>0x2772</load_address>
         <run_address>0x2772</run_address>
         <size>0xae</size>
         <alignment>0x0</alignment>
         <input_file_ref idref="fl-64"/>
      </object_component>
      <object_component id="oc-171">
         <name>.debug_frame</name>
         <load_address>0x0</load_address>
         <run_address>0x0</run_address>
         <size>0x178</size>
         <alignment>0x4</alignment>
         <input_file_ref idref="fl-13"/>
      </object_component>
      <object_component id="oc-16e">
         <name>.debug_frame</name>
         <load_address>0x178</load_address>
         <run_address>0x178</run_address>
         <size>0x128</size>
         <alignment>0x4</alignment>
         <input_file_ref idref="fl-16"/>
      </object_component>
      <object_component id="oc-195">
         <name>.debug_frame</name>
         <load_address>0x2a0</load_address>
         <run_address>0x2a0</run_address>
         <size>0x258</size>
         <alignment>0x4</alignment>
         <input_file_ref idref="fl-1d"/>
      </object_component>
      <object_component id="oc-ac">
         <name>.debug_frame</name>
         <load_address>0x4f8</load_address>
         <run_address>0x4f8</run_address>
         <size>0x11d0</size>
         <alignment>0x4</alignment>
         <input_file_ref idref="fl-26"/>
      </object_component>
      <object_component id="oc-164">
         <name>.debug_frame</name>
         <load_address>0x16c8</load_address>
         <run_address>0x16c8</run_address>
         <size>0x230</size>
         <alignment>0x4</alignment>
         <input_file_ref idref="fl-3f"/>
      </object_component>
      <object_component id="oc-12e">
         <name>.debug_frame</name>
         <load_address>0x18f8</load_address>
         <run_address>0x18f8</run_address>
         <size>0x90</size>
         <alignment>0x4</alignment>
         <input_file_ref idref="fl-41"/>
      </object_component>
      <object_component id="oc-cc">
         <name>.debug_frame</name>
         <load_address>0x1988</load_address>
         <run_address>0x1988</run_address>
         <size>0x40</size>
         <alignment>0x4</alignment>
         <input_file_ref idref="fl-4a"/>
      </object_component>
      <object_component id="oc-101">
         <name>.debug_frame</name>
         <load_address>0x19c8</load_address>
         <run_address>0x19c8</run_address>
         <size>0x58</size>
         <alignment>0x4</alignment>
         <input_file_ref idref="fl-4b"/>
      </object_component>
      <object_component id="oc-9e">
         <name>.debug_frame</name>
         <load_address>0x1a20</load_address>
         <run_address>0x1a20</run_address>
         <size>0x40</size>
         <alignment>0x4</alignment>
         <input_file_ref idref="fl-4d"/>
      </object_component>
      <object_component id="oc-97">
         <name>.debug_frame</name>
         <load_address>0x1a60</load_address>
         <run_address>0x1a60</run_address>
         <size>0x40</size>
         <alignment>0x4</alignment>
         <input_file_ref idref="fl-4e"/>
      </object_component>
      <object_component id="oc-dc">
         <name>.debug_frame</name>
         <load_address>0x1aa0</load_address>
         <run_address>0x1aa0</run_address>
         <size>0x60</size>
         <alignment>0x4</alignment>
         <input_file_ref idref="fl-4f"/>
      </object_component>
      <object_component id="oc-181">
         <name>.debug_frame</name>
         <load_address>0x1b00</load_address>
         <run_address>0x1b00</run_address>
         <size>0x70</size>
         <alignment>0x4</alignment>
         <input_file_ref idref="fl-50"/>
      </object_component>
      <object_component id="oc-d4">
         <name>.debug_frame</name>
         <load_address>0x1b70</load_address>
         <run_address>0x1b70</run_address>
         <size>0x40</size>
         <alignment>0x4</alignment>
         <input_file_ref idref="fl-51"/>
      </object_component>
      <object_component id="oc-ba">
         <name>.debug_frame</name>
         <load_address>0x1bb0</load_address>
         <run_address>0x1bb0</run_address>
         <size>0x40</size>
         <alignment>0x4</alignment>
         <input_file_ref idref="fl-54"/>
      </object_component>
      <object_component id="oc-153">
         <name>.debug_frame</name>
         <load_address>0x1bf0</load_address>
         <run_address>0x1bf0</run_address>
         <size>0x40</size>
         <alignment>0x4</alignment>
         <input_file_ref idref="fl-55"/>
      </object_component>
      <object_component id="oc-1a0">
         <name>.debug_abbrev</name>
         <load_address>0x0</load_address>
         <run_address>0x0</run_address>
         <size>0x11d</size>
         <alignment>0x0</alignment>
         <input_file_ref idref="fl-13"/>
      </object_component>
      <object_component id="oc-1c1">
         <name>.debug_abbrev</name>
         <load_address>0x11d</load_address>
         <run_address>0x11d</run_address>
         <size>0x62</size>
         <alignment>0x0</alignment>
         <input_file_ref idref="fl-13"/>
      </object_component>
      <object_component id="oc-19e">
         <name>.debug_abbrev</name>
         <load_address>0x17f</load_address>
         <run_address>0x17f</run_address>
         <size>0x136</size>
         <alignment>0x0</alignment>
         <input_file_ref idref="fl-16"/>
      </object_component>
      <object_component id="oc-1be">
         <name>.debug_abbrev</name>
         <load_address>0x2b5</load_address>
         <run_address>0x2b5</run_address>
         <size>0x2b</size>
         <alignment>0x0</alignment>
         <input_file_ref idref="fl-16"/>
      </object_component>
      <object_component id="oc-1b7">
         <name>.debug_abbrev</name>
         <load_address>0x2e0</load_address>
         <run_address>0x2e0</run_address>
         <size>0x13a</size>
         <alignment>0x0</alignment>
         <input_file_ref idref="fl-1d"/>
      </object_component>
      <object_component id="oc-1c7">
         <name>.debug_abbrev</name>
         <load_address>0x41a</load_address>
         <run_address>0x41a</run_address>
         <size>0x76</size>
         <alignment>0x0</alignment>
         <input_file_ref idref="fl-1d"/>
      </object_component>
      <object_component id="oc-e3">
         <name>.debug_abbrev</name>
         <load_address>0x490</load_address>
         <run_address>0x490</run_address>
         <size>0x25</size>
         <alignment>0x0</alignment>
         <input_file_ref idref="fl-23"/>
      </object_component>
      <object_component id="oc-13c">
         <name>.debug_abbrev</name>
         <load_address>0x4b5</load_address>
         <run_address>0x4b5</run_address>
         <size>0x25</size>
         <alignment>0x0</alignment>
         <input_file_ref idref="fl-23"/>
      </object_component>
      <object_component id="oc-e4">
         <name>.debug_abbrev</name>
         <load_address>0x4da</load_address>
         <run_address>0x4da</run_address>
         <size>0x91</size>
         <alignment>0x0</alignment>
         <input_file_ref idref="fl-26"/>
      </object_component>
      <object_component id="oc-13d">
         <name>.debug_abbrev</name>
         <load_address>0x56b</load_address>
         <run_address>0x56b</run_address>
         <size>0x1c</size>
         <alignment>0x0</alignment>
         <input_file_ref idref="fl-26"/>
      </object_component>
      <object_component id="oc-e6">
         <name>.debug_abbrev</name>
         <load_address>0x587</load_address>
         <run_address>0x587</run_address>
         <size>0x28</size>
         <alignment>0x0</alignment>
         <input_file_ref idref="fl-34"/>
      </object_component>
      <object_component id="oc-140">
         <name>.debug_abbrev</name>
         <load_address>0x5af</load_address>
         <run_address>0x5af</run_address>
         <size>0xa7</size>
         <alignment>0x0</alignment>
         <input_file_ref idref="fl-34"/>
      </object_component>
      <object_component id="oc-1b9">
         <name>.debug_abbrev</name>
         <load_address>0x656</load_address>
         <run_address>0x656</run_address>
         <size>0x28</size>
         <alignment>0x0</alignment>
         <input_file_ref idref="fl-3f"/>
      </object_component>
      <object_component id="oc-19c">
         <name>.debug_abbrev</name>
         <load_address>0x67e</load_address>
         <run_address>0x67e</run_address>
         <size>0x103</size>
         <alignment>0x0</alignment>
         <input_file_ref idref="fl-3f"/>
      </object_component>
      <object_component id="oc-1bb">
         <name>.debug_abbrev</name>
         <load_address>0x781</load_address>
         <run_address>0x781</run_address>
         <size>0xa5</size>
         <alignment>0x0</alignment>
         <input_file_ref idref="fl-3f"/>
      </object_component>
      <object_component id="oc-176">
         <name>.debug_abbrev</name>
         <load_address>0x826</load_address>
         <run_address>0x826</run_address>
         <size>0xae</size>
         <alignment>0x0</alignment>
         <input_file_ref idref="fl-41"/>
      </object_component>
      <object_component id="oc-1a2">
         <name>.debug_abbrev</name>
         <load_address>0x8d4</load_address>
         <run_address>0x8d4</run_address>
         <size>0x62</size>
         <alignment>0x0</alignment>
         <input_file_ref idref="fl-41"/>
      </object_component>
      <object_component id="oc-dd">
         <name>.debug_abbrev</name>
         <load_address>0x936</load_address>
         <run_address>0x936</run_address>
         <size>0x3d</size>
         <alignment>0x0</alignment>
         <input_file_ref idref="fl-47"/>
      </object_component>
      <object_component id="oc-fa">
         <name>.debug_abbrev</name>
         <load_address>0x973</load_address>
         <run_address>0x973</run_address>
         <size>0x4b</size>
         <alignment>0x0</alignment>
         <input_file_ref idref="fl-4a"/>
      </object_component>
      <object_component id="oc-14b">
         <name>.debug_abbrev</name>
         <load_address>0x9be</load_address>
         <run_address>0x9be</run_address>
         <size>0x1c</size>
         <alignment>0x0</alignment>
         <input_file_ref idref="fl-4a"/>
      </object_component>
      <object_component id="oc-154">
         <name>.debug_abbrev</name>
         <load_address>0x9da</load_address>
         <run_address>0x9da</run_address>
         <size>0x71</size>
         <alignment>0x0</alignment>
         <input_file_ref idref="fl-4b"/>
      </object_component>
      <object_component id="oc-18e">
         <name>.debug_abbrev</name>
         <load_address>0xa4b</load_address>
         <run_address>0xa4b</run_address>
         <size>0xb3</size>
         <alignment>0x0</alignment>
         <input_file_ref idref="fl-4b"/>
      </object_component>
      <object_component id="oc-bc">
         <name>.debug_abbrev</name>
         <load_address>0xafe</load_address>
         <run_address>0xafe</run_address>
         <size>0x6d</size>
         <alignment>0x0</alignment>
         <input_file_ref idref="fl-4d"/>
      </object_component>
      <object_component id="oc-ee">
         <name>.debug_abbrev</name>
         <load_address>0xb6b</load_address>
         <run_address>0xb6b</run_address>
         <size>0x44</size>
         <alignment>0x0</alignment>
         <input_file_ref idref="fl-4d"/>
      </object_component>
      <object_component id="oc-b4">
         <name>.debug_abbrev</name>
         <load_address>0xbaf</load_address>
         <run_address>0xbaf</run_address>
         <size>0x5f</size>
         <alignment>0x0</alignment>
         <input_file_ref idref="fl-4e"/>
      </object_component>
      <object_component id="oc-e9">
         <name>.debug_abbrev</name>
         <load_address>0xc0e</load_address>
         <run_address>0xc0e</run_address>
         <size>0x44</size>
         <alignment>0x0</alignment>
         <input_file_ref idref="fl-4e"/>
      </object_component>
      <object_component id="oc-17b">
         <name>.debug_abbrev</name>
         <load_address>0xc52</load_address>
         <run_address>0xc52</run_address>
         <size>0x28</size>
         <alignment>0x0</alignment>
         <input_file_ref idref="fl-4f"/>
      </object_component>
      <object_component id="oc-13a">
         <name>.debug_abbrev</name>
         <load_address>0xc7a</load_address>
         <run_address>0xc7a</run_address>
         <size>0xa0</size>
         <alignment>0x0</alignment>
         <input_file_ref idref="fl-4f"/>
      </object_component>
      <object_component id="oc-186">
         <name>.debug_abbrev</name>
         <load_address>0xd1a</load_address>
         <run_address>0xd1a</run_address>
         <size>0x57</size>
         <alignment>0x0</alignment>
         <input_file_ref idref="fl-4f"/>
      </object_component>
      <object_component id="oc-183">
         <name>.debug_abbrev</name>
         <load_address>0xd71</load_address>
         <run_address>0xd71</run_address>
         <size>0x28</size>
         <alignment>0x0</alignment>
         <input_file_ref idref="fl-50"/>
      </object_component>
      <object_component id="oc-1c4">
         <name>.debug_abbrev</name>
         <load_address>0xd99</load_address>
         <run_address>0xd99</run_address>
         <size>0x28</size>
         <alignment>0x0</alignment>
         <input_file_ref idref="fl-50"/>
      </object_component>
      <object_component id="oc-1a8">
         <name>.debug_abbrev</name>
         <load_address>0xdc1</load_address>
         <run_address>0xdc1</run_address>
         <size>0x5f</size>
         <alignment>0x0</alignment>
         <input_file_ref idref="fl-50"/>
      </object_component>
      <object_component id="oc-1a9">
         <name>.debug_abbrev</name>
         <load_address>0xe20</load_address>
         <run_address>0xe20</run_address>
         <size>0x3a</size>
         <alignment>0x0</alignment>
         <input_file_ref idref="fl-50"/>
      </object_component>
      <object_component id="oc-132">
         <name>.debug_abbrev</name>
         <load_address>0xe5a</load_address>
         <run_address>0xe5a</run_address>
         <size>0x64</size>
         <alignment>0x0</alignment>
         <input_file_ref idref="fl-51"/>
      </object_component>
      <object_component id="oc-178">
         <name>.debug_abbrev</name>
         <load_address>0xebe</load_address>
         <run_address>0xebe</run_address>
         <size>0x79</size>
         <alignment>0x0</alignment>
         <input_file_ref idref="fl-51"/>
      </object_component>
      <object_component id="oc-ec">
         <name>.debug_abbrev</name>
         <load_address>0xf37</load_address>
         <run_address>0xf37</run_address>
         <size>0x61</size>
         <alignment>0x0</alignment>
         <input_file_ref idref="fl-54"/>
      </object_component>
      <object_component id="oc-143">
         <name>.debug_abbrev</name>
         <load_address>0xf98</load_address>
         <run_address>0xf98</run_address>
         <size>0x44</size>
         <alignment>0x0</alignment>
         <input_file_ref idref="fl-54"/>
      </object_component>
      <object_component id="oc-18c">
         <name>.debug_abbrev</name>
         <load_address>0xfdc</load_address>
         <run_address>0xfdc</run_address>
         <size>0x49</size>
         <alignment>0x0</alignment>
         <input_file_ref idref="fl-55"/>
      </object_component>
      <object_component id="oc-1ac">
         <name>.debug_abbrev</name>
         <load_address>0x1025</load_address>
         <run_address>0x1025</run_address>
         <size>0x1c</size>
         <alignment>0x0</alignment>
         <input_file_ref idref="fl-55"/>
      </object_component>
      <object_component id="oc-1c6">
         <name>.debug_abbrev</name>
         <load_address>0x1041</load_address>
         <run_address>0x1041</run_address>
         <size>0x3b</size>
         <alignment>0x0</alignment>
         <input_file_ref idref="fl-64"/>
      </object_component>
      <object_component id="oc-274">
         <name>.debug_abbrev</name>
         <load_address>0x107c</load_address>
         <run_address>0x107c</run_address>
         <size>0xf</size>
         <alignment>0x0</alignment>
      </object_component>
      <object_component id="oc-1c3">
         <name>.debug_str</name>
         <load_address>0x0</load_address>
         <run_address>0x0</run_address>
         <size>0x68</size>
         <alignment>0x0</alignment>
         <input_file_ref idref="fl-13"/>
      </object_component>
      <object_component id="oc-1c0">
         <name>.debug_str</name>
         <load_address>0x68</load_address>
         <run_address>0x68</run_address>
         <size>0x68</size>
         <alignment>0x0</alignment>
         <input_file_ref idref="fl-16"/>
      </object_component>
      <object_component id="oc-1c9">
         <name>.debug_str</name>
         <load_address>0xd0</load_address>
         <run_address>0xd0</run_address>
         <size>0x68</size>
         <alignment>0x0</alignment>
         <input_file_ref idref="fl-1d"/>
      </object_component>
      <object_component id="oc-13f">
         <name>.debug_str</name>
         <load_address>0x138</load_address>
         <run_address>0x138</run_address>
         <size>0x68</size>
         <alignment>0x0</alignment>
         <input_file_ref idref="fl-26"/>
      </object_component>
      <object_component id="oc-142">
         <name>.debug_str</name>
         <load_address>0x1a0</load_address>
         <run_address>0x1a0</run_address>
         <size>0x68</size>
         <alignment>0x0</alignment>
         <input_file_ref idref="fl-34"/>
      </object_component>
      <object_component id="oc-1bd">
         <name>.debug_str</name>
         <load_address>0x208</load_address>
         <run_address>0x208</run_address>
         <size>0x68</size>
         <alignment>0x0</alignment>
         <input_file_ref idref="fl-3f"/>
      </object_component>
      <object_component id="oc-1a4">
         <name>.debug_str</name>
         <load_address>0x270</load_address>
         <run_address>0x270</run_address>
         <size>0x68</size>
         <alignment>0x0</alignment>
         <input_file_ref idref="fl-41"/>
      </object_component>
      <object_component id="oc-14d">
         <name>.debug_str</name>
         <load_address>0x2d8</load_address>
         <run_address>0x2d8</run_address>
         <size>0x69</size>
         <alignment>0x0</alignment>
         <input_file_ref idref="fl-4a"/>
      </object_component>
      <object_component id="oc-190">
         <name>.debug_str</name>
         <load_address>0x341</load_address>
         <run_address>0x341</run_address>
         <size>0x69</size>
         <alignment>0x0</alignment>
         <input_file_ref idref="fl-4b"/>
      </object_component>
      <object_component id="oc-f0">
         <name>.debug_str</name>
         <load_address>0x3aa</load_address>
         <run_address>0x3aa</run_address>
         <size>0x69</size>
         <alignment>0x0</alignment>
         <input_file_ref idref="fl-4d"/>
      </object_component>
      <object_component id="oc-eb">
         <name>.debug_str</name>
         <load_address>0x413</load_address>
         <run_address>0x413</run_address>
         <size>0x69</size>
         <alignment>0x0</alignment>
         <input_file_ref idref="fl-4e"/>
      </object_component>
      <object_component id="oc-188">
         <name>.debug_str</name>
         <load_address>0x47c</load_address>
         <run_address>0x47c</run_address>
         <size>0x69</size>
         <alignment>0x0</alignment>
         <input_file_ref idref="fl-4f"/>
      </object_component>
      <object_component id="oc-1ab">
         <name>.debug_str</name>
         <load_address>0x4e5</load_address>
         <run_address>0x4e5</run_address>
         <size>0x69</size>
         <alignment>0x0</alignment>
         <input_file_ref idref="fl-50"/>
      </object_component>
      <object_component id="oc-17a">
         <name>.debug_str</name>
         <load_address>0x54e</load_address>
         <run_address>0x54e</run_address>
         <size>0x69</size>
         <alignment>0x0</alignment>
         <input_file_ref idref="fl-51"/>
      </object_component>
      <object_component id="oc-145">
         <name>.debug_str</name>
         <load_address>0x5b7</load_address>
         <run_address>0x5b7</run_address>
         <size>0x69</size>
         <alignment>0x0</alignment>
         <input_file_ref idref="fl-54"/>
      </object_component>
      <object_component id="oc-1ae">
         <name>.debug_str</name>
         <load_address>0x620</load_address>
         <run_address>0x620</run_address>
         <size>0x69</size>
         <alignment>0x0</alignment>
         <input_file_ref idref="fl-55"/>
      </object_component>
      <object_component id="oc-173">
         <name>.debug_aranges</name>
         <load_address>0x0</load_address>
         <run_address>0x0</run_address>
         <size>0x78</size>
         <alignment>0x0</alignment>
         <input_file_ref idref="fl-13"/>
      </object_component>
      <object_component id="oc-16b">
         <name>.debug_aranges</name>
         <load_address>0x78</load_address>
         <run_address>0x78</run_address>
         <size>0x68</size>
         <alignment>0x0</alignment>
         <input_file_ref idref="fl-16"/>
      </object_component>
      <object_component id="oc-194">
         <name>.debug_aranges</name>
         <load_address>0xe0</load_address>
         <run_address>0xe0</run_address>
         <size>0xb8</size>
         <alignment>0x0</alignment>
         <input_file_ref idref="fl-1d"/>
      </object_component>
      <object_component id="oc-a8">
         <name>.debug_aranges</name>
         <load_address>0x198</load_address>
         <run_address>0x198</run_address>
         <size>0x20</size>
         <alignment>0x0</alignment>
         <input_file_ref idref="fl-23"/>
      </object_component>
      <object_component id="oc-e0">
         <name>.debug_aranges</name>
         <load_address>0x1b8</load_address>
         <run_address>0x1b8</run_address>
         <size>0x20</size>
         <alignment>0x0</alignment>
         <input_file_ref idref="fl-23"/>
      </object_component>
      <object_component id="oc-ad">
         <name>.debug_aranges</name>
         <load_address>0x1d8</load_address>
         <run_address>0x1d8</run_address>
         <size>0x480</size>
         <alignment>0x0</alignment>
         <input_file_ref idref="fl-26"/>
      </object_component>
      <object_component id="oc-167">
         <name>.debug_aranges</name>
         <load_address>0x658</load_address>
         <run_address>0x658</run_address>
         <size>0xb8</size>
         <alignment>0x0</alignment>
         <input_file_ref idref="fl-3f"/>
      </object_component>
      <object_component id="oc-130">
         <name>.debug_aranges</name>
         <load_address>0x710</load_address>
         <run_address>0x710</run_address>
         <size>0x38</size>
         <alignment>0x0</alignment>
         <input_file_ref idref="fl-41"/>
      </object_component>
      <object_component id="oc-a3">
         <name>.debug_aranges</name>
         <load_address>0x748</load_address>
         <run_address>0x748</run_address>
         <size>0x20</size>
         <alignment>0x0</alignment>
         <input_file_ref idref="fl-47"/>
      </object_component>
      <object_component id="oc-cd">
         <name>.debug_aranges</name>
         <load_address>0x768</load_address>
         <run_address>0x768</run_address>
         <size>0x20</size>
         <alignment>0x0</alignment>
         <input_file_ref idref="fl-4a"/>
      </object_component>
      <object_component id="oc-ff">
         <name>.debug_aranges</name>
         <load_address>0x788</load_address>
         <run_address>0x788</run_address>
         <size>0x20</size>
         <alignment>0x0</alignment>
         <input_file_ref idref="fl-4b"/>
      </object_component>
      <object_component id="oc-9a">
         <name>.debug_aranges</name>
         <load_address>0x7a8</load_address>
         <run_address>0x7a8</run_address>
         <size>0x20</size>
         <alignment>0x0</alignment>
         <input_file_ref idref="fl-4d"/>
      </object_component>
      <object_component id="oc-94">
         <name>.debug_aranges</name>
         <load_address>0x7c8</load_address>
         <run_address>0x7c8</run_address>
         <size>0x20</size>
         <alignment>0x0</alignment>
         <input_file_ref idref="fl-4e"/>
      </object_component>
      <object_component id="oc-d8">
         <name>.debug_aranges</name>
         <load_address>0x7e8</load_address>
         <run_address>0x7e8</run_address>
         <size>0x28</size>
         <alignment>0x0</alignment>
         <input_file_ref idref="fl-4f"/>
      </object_component>
      <object_component id="oc-17e">
         <name>.debug_aranges</name>
         <load_address>0x810</load_address>
         <run_address>0x810</run_address>
         <size>0x30</size>
         <alignment>0x0</alignment>
         <input_file_ref idref="fl-50"/>
      </object_component>
      <object_component id="oc-d3">
         <name>.debug_aranges</name>
         <load_address>0x840</load_address>
         <run_address>0x840</run_address>
         <size>0x20</size>
         <alignment>0x0</alignment>
         <input_file_ref idref="fl-51"/>
      </object_component>
      <object_component id="oc-b8">
         <name>.debug_aranges</name>
         <load_address>0x860</load_address>
         <run_address>0x860</run_address>
         <size>0x20</size>
         <alignment>0x0</alignment>
         <input_file_ref idref="fl-54"/>
      </object_component>
      <object_component id="oc-152">
[...]
         <object_component_ref idref="oc-aa"/>
      </symbol>
      <symbol id="sm-279">
         <name>EPWM5_ISR</name>
         <value>0x8186</value>
         <object_component_ref idref="oc-aa"/>
      </symbol>
      <symbol id="sm-27a">
         <name>VCU_ISR</name>
         <value>0x83f2</value>
         <object_component_ref idref="oc-aa"/>
      </symbol>
      <symbol id="sm-27b">
         <name>DMA_CH6_ISR</name>
         <value>0x828a</value>
         <object_component_ref idref="oc-aa"/>
      </symbol>
      <symbol id="sm-27c">
         <name>RAM_ACCESS_VIOLATION_ISR</name>
         <value>0x8532</value>
         <object_component_ref idref="oc-aa"/>
      </symbol>
      <symbol id="sm-27d">
         <name>FPU_UNDERFLOW_ISR</name>
         <value>0x8406</value>
         <object_component_ref idref="oc-aa"/>
      </symbol>
      <symbol id="sm-27e">
         <name>USER5_ISR</name>
         <value>0x806e</value>
         <object_component_ref idref="oc-aa"/>
      </symbol>
      <symbol id="sm-27f">
         <name>EQEP2_ISR</name>
         <value>0x81f4</value>
         <object_component_ref idref="oc-aa"/>
      </symbol>
      <symbol id="sm-280">
         <name>CLA1_7_ISR</name>
         <value>0x83c0</value>
         <object_component_ref idref="oc-aa"/>
      </symbol>
      <symbol id="sm-281">
         <name>EPWM9_TZ_ISR</name>
         <value>0x8438</value>
         <object_component_ref idref="oc-aa"/>
      </symbol>
      <symbol id="sm-282">
         <name>EPWM4_TZ_ISR</name>
         <value>0x812c</value>
         <object_component_ref idref="oc-aa"/>
      </symbol>
      <symbol id="sm-283">
         <name>EPWM3_TZ_ISR</name>
         <value>0x8122</value>
         <object_component_ref idref="oc-aa"/>
      </symbol>
      <symbol id="sm-284">
         <name>EPWM6_ISR</name>
         <value>0x8190</value>
         <object_component_ref idref="oc-aa"/>
      </symbol>
      <symbol id="sm-285">
         <name>ADCB_EVT_ISR</name>
         <value>0x835c</value>
         <object_component_ref idref="oc-aa"/>
      </symbol>
      <symbol id="sm-286">
         <name>EPWM8_ISR</name>
         <value>0x81a4</value>
         <object_component_ref idref="oc-aa"/>
      </symbol>
      <symbol id="sm-287">
         <name>EMU_ISR</name>
         <value>0x8028</value>
         <object_component_ref idref="oc-aa"/>
      </symbol>
      <symbol id="sm-288">
         <name>USER11_ISR</name>
         <value>0x80aa</value>
         <object_component_ref idref="oc-aa"/>
      </symbol>
      <symbol id="sm-289">
         <name>USER4_ISR</name>
         <value>0x8064</value>
         <object_component_ref idref="oc-aa"/>
      </symbol>
      <symbol id="sm-28a">
         <name>EQEP3_ISR</name>
         <value>0x81fe</value>
         <object_component_ref idref="oc-aa"/>
      </symbol>
      <symbol id="sm-28b">
         <name>SCIA_RX_ISR</name>
         <value>0x82e4</value>
         <object_component_ref idref="oc-aa"/>
      </symbol>
      <symbol id="sm-28c">
         <name>SCIA_TX_ISR</name>
         <value>0x82ee</value>
         <object_component_ref idref="oc-aa"/>
      </symbol>
      <symbol id="sm-28d">
         <name>SCID_RX_ISR</name>
         <value>0x82d0</value>
         <object_component_ref idref="oc-aa"/>
      </symbol>
      <symbol id="sm-28e">
         <name>SCID_TX_ISR</name>
         <value>0x82da</value>
         <object_component_ref idref="oc-aa"/>
      </symbol>
      <symbol id="sm-28f">
         <name>ADCD4_ISR</name>
         <value>0x850a</value>
         <object_component_ref idref="oc-aa"/>
      </symbol>
      <symbol id="sm-290">
         <name>ECAP1_ISR</name>
         <value>0x81ae</value>
         <object_component_ref idref="oc-aa"/>
      </symbol>
      <symbol id="sm-291">
         <name>ADCA4_ISR</name>
         <value>0x8352</value>
         <object_component_ref idref="oc-aa"/>
      </symbol>
      <symbol id="sm-292">
         <name>FPU_OVERFLOW_ISR</name>
         <value>0x83fc</value>
         <object_component_ref idref="oc-aa"/>
      </symbol>
      <symbol id="sm-293">
         <name>ADCC4_ISR</name>
         <value>0x84e2</value>
         <object_component_ref idref="oc-aa"/>
      </symbol>
      <symbol id="sm-294">
         <name>ADCB4_ISR</name>
         <value>0x837a</value>
         <object_component_ref idref="oc-aa"/>
      </symbol>
      <symbol id="sm-295">
         <name>EPWM7_ISR</name>
         <value>0x819a</value>
         <object_component_ref idref="oc-aa"/>
      </symbol>
      <symbol id="sm-296">
         <name>SD1_ISR</name>
         <value>0x8488</value>
         <object_component_ref idref="oc-aa"/>
      </symbol>
      <symbol id="sm-297">
         <name>EPWM9_ISR</name>
         <value>0x8460</value>
         <object_component_ref idref="oc-aa"/>
      </symbol>
      <symbol id="sm-298">
         <name>USER10_ISR</name>
         <value>0x80a0</value>
         <object_component_ref idref="oc-aa"/>
      </symbol>
      <symbol id="sm-299">
         <name>XINT1_ISR</name>
         <value>0x80dc</value>
         <object_component_ref idref="oc-aa"/>
      </symbol>
      <symbol id="sm-29a">
         <name>USER7_ISR</name>
         <value>0x8082</value>
         <object_component_ref idref="oc-aa"/>
      </symbol>
      <symbol id="sm-29b">
         <name>CLA1_1_ISR</name>
         <value>0x8384</value>
         <object_component_ref idref="oc-aa"/>
      </symbol>
      <symbol id="sm-29c">
         <name>USER9_ISR</name>
         <value>0x8096</value>
         <object_component_ref idref="oc-aa"/>
      </symbol>
      <symbol id="sm-29d">
         <name>ECAP2_ISR</name>
         <value>0x81b8</value>
         <object_component_ref idref="oc-aa"/>
      </symbol>
      <symbol id="sm-29e">
         <name>EPWM5_TZ_ISR</name>
         <value>0x8136</value>
         <object_component_ref idref="oc-aa"/>
      </symbol>
      <symbol id="sm-29f">
         <name>SD2_ISR</name>
         <value>0x8492</value>
         <object_component_ref idref="oc-aa"/>
      </symbol>
      <symbol id="sm-2a0">
         <name>I2CB_FIFO_ISR</name>
         <value>0x82b2</value>
         <object_component_ref idref="oc-aa"/>
      </symbol>
      <symbol id="sm-2a1">
         <name>DMA_CH1_ISR</name>
         <value>0x8258</value>
         <object_component_ref idref="oc-aa"/>
      </symbol>
      <symbol id="sm-2a2">
         <name>UPPA_ISR</name>
         <value>0x84b0</value>
         <object_component_ref idref="oc-aa"/>
      </symbol>
      <symbol id="sm-2a3">
         <name>CLA1_8_ISR</name>
         <value>0x83ca</value>
         <object_component_ref idref="oc-aa"/>
      </symbol>
      <symbol id="sm-2a4">
         <name>USER6_ISR</name>
         <value>0x8078</value>
         <object_component_ref idref="oc-aa"/>
      </symbol>
      <symbol id="sm-2a5">
         <name>CLA1_2_ISR</name>
         <value>0x838e</value>
         <object_component_ref idref="oc-aa"/>
      </symbol>
      <symbol id="sm-2a6">
         <name>EMIF_ERROR_ISR</name>
         <value>0x8514</value>
         <object_component_ref idref="oc-aa"/>
      </symbol>
      <symbol id="sm-2a7">
         <name>USER8_ISR</name>
         <value>0x808c</value>
         <object_component_ref idref="oc-aa"/>
      </symbol>
      <symbol id="sm-2a8">
         <name>MCBSPB_RX_ISR</name>
         <value>0x8244</value>
         <object_component_ref idref="oc-aa"/>
      </symbol>
      <symbol id="sm-2a9">
         <name>MCBSPB_TX_ISR</name>
         <value>0x824e</value>
         <object_component_ref idref="oc-aa"/>
      </symbol>
      <symbol id="sm-2aa">
         <name>SPIB_RX_ISR</name>
         <value>0x821c</value>
         <object_component_ref idref="oc-aa"/>
      </symbol>
      <symbol id="sm-2ab">
         <name>SPIB_TX_ISR</name>
         <value>0x8226</value>
         <object_component_ref idref="oc-aa"/>
      </symbol>
      <symbol id="sm-2ac">
         <name>ECAP3_ISR</name>
         <value>0x81c2</value>
         <object_component_ref idref="oc-aa"/>
      </symbol>
      <symbol id="sm-2ad">
         <name>EPWM1_ISR</name>
         <value>0x815e</value>
         <object_component_ref idref="oc-aa"/>
      </symbol>
      <symbol id="sm-2ae">
         <name>IPC0_ISR</name>
         <value>0x8410</value>
         <object_component_ref idref="oc-aa"/>
      </symbol>
      <symbol id="sm-2af">
         <name>DMA_CH2_ISR</name>
         <value>0x8262</value>
         <object_component_ref idref="oc-aa"/>
      </symbol>
      <symbol id="sm-2b0">
         <name>USER12_ISR</name>
         <value>0x80b4</value>
         <object_component_ref idref="oc-aa"/>
      </symbol>
      <symbol id="sm-2b1">
         <name>XINT3_ISR</name>
         <value>0x83d4</value>
         <object_component_ref idref="oc-aa"/>
      </symbol>
      <symbol id="sm-2b2">
         <name>USER1_ISR</name>
         <value>0x8046</value>
         <object_component_ref idref="oc-aa"/>
      </symbol>
      <symbol id="sm-2b3">
         <name>CLA1_3_ISR</name>
         <value>0x8398</value>
         <object_component_ref idref="oc-aa"/>
      </symbol>
      <symbol id="sm-2b4">
         <name>I2CA_ISR</name>
         <value>0x8294</value>
         <object_component_ref idref="oc-aa"/>
      </symbol>
      <symbol id="sm-2b5">
         <name>CANA0_ISR</name>
         <value>0x830c</value>
         <object_component_ref idref="oc-aa"/>
      </symbol>
      <symbol id="sm-2b6">
         <name>CANB0_ISR</name>
         <value>0x8320</value>
         <object_component_ref idref="oc-aa"/>
      </symbol>
      <symbol id="sm-2b7">
         <name>EPWM1_TZ_ISR</name>
         <value>0x810e</value>
         <object_component_ref idref="oc-aa"/>
      </symbol>
      <symbol id="sm-2b8">
         <name>I2CA_FIFO_ISR</name>
         <value>0x829e</value>
         <object_component_ref idref="oc-aa"/>
      </symbol>
      <symbol id="sm-2b9">
         <name>EPWM2_ISR</name>
         <value>0x8168</value>
         <object_component_ref idref="oc-aa"/>
      </symbol>
      <symbol id="sm-2ba">
         <name>USBA_ISR</name>
         <value>0x84ba</value>
         <object_component_ref idref="oc-aa"/>
      </symbol>
      <symbol id="sm-2bb">
         <name>IPC1_ISR</name>
         <value>0x841a</value>
         <object_component_ref idref="oc-aa"/>
      </symbol>
      <symbol id="sm-2bc">
         <name>RAM_CORRECTABLE_ERROR_ISR</name>
         <value>0x851e</value>
         <object_component_ref idref="oc-aa"/>
      </symbol>
      <symbol id="sm-2bd">
         <name>ADCD_EVT_ISR</name>
         <value>0x84ec</value>
         <object_component_ref idref="oc-aa"/>
      </symbol>
      <symbol id="sm-2be">
         <name>DMA_CH3_ISR</name>
         <value>0x826c</value>
         <object_component_ref idref="oc-aa"/>
      </symbol>
      <symbol id="sm-2bf">
         <name>ADCC_EVT_ISR</name>
         <value>0x84c4</value>
         <object_component_ref idref="oc-aa"/>
      </symbol>
      <symbol id="sm-2c0">
         <name>EPWM11_ISR</name>
         <value>0x8474</value>
         <object_component_ref idref="oc-aa"/>
      </symbol>
      <symbol id="sm-2c1">
         <name>DATALOG_ISR</name>
         <value>0x8014</value>
         <object_component_ref idref="oc-aa"/>
      </symbol>
      <symbol id="sm-2c2">
         <name>XINT2_ISR</name>
         <value>0x80e6</value>
         <object_component_ref idref="oc-aa"/>
      </symbol>
      <symbol id="sm-2c3">
         <name>PIE_RESERVED_ISR</name>
         <value>0x8564</value>
         <object_component_ref idref="oc-aa"/>
      </symbol>
      <symbol id="sm-2c4">
         <name>SCIB_RX_ISR</name>
         <value>0x82f8</value>
         <object_component_ref idref="oc-aa"/>
      </symbol>
      <symbol id="sm-2c5">
         <name>SCIB_TX_ISR</name>
         <value>0x8302</value>
         <object_component_ref idref="oc-aa"/>
      </symbol>
      <symbol id="sm-2c6">
         <name>I2CB_ISR</name>
         <value>0x82a8</value>
         <object_component_ref idref="oc-aa"/>
      </symbol>
      <symbol id="sm-2c7">
         <name>CANA1_ISR</name>
         <value>0x8316</value>
         <object_component_ref idref="oc-aa"/>
      </symbol>
      <symbol id="sm-2c8">
         <name>SPIC_RX_ISR</name>
         <value>0x849c</value>
         <object_component_ref idref="oc-aa"/>
      </symbol>
      <symbol id="sm-2c9">
         <name>CANB1_ISR</name>
         <value>0x832a</value>
         <object_component_ref idref="oc-aa"/>
      </symbol>
      <symbol id="sm-2ca">
         <name>SPIC_TX_ISR</name>
         <value>0x84a6</value>
         <object_component_ref idref="oc-aa"/>
      </symbol>
      <symbol id="sm-2cb">
         <name>EPWM12_TZ_ISR</name>
         <value>0x8456</value>
         <object_component_ref idref="oc-aa"/>
      </symbol>
      <symbol id="sm-2cc">
         <name>ILLEGAL_ISR</name>
         <value>0x803c</value>
         <object_component_ref idref="oc-aa"/>
      </symbol>
      <symbol id="sm-2cd">
         <name>EPWM3_ISR</name>
         <value>0x8172</value>
         <object_component_ref idref="oc-aa"/>
      </symbol>
      <symbol id="sm-2ce">
         <name>IPC2_ISR</name>
         <value>0x8424</value>
         <object_component_ref idref="oc-aa"/>
      </symbol>
      <symbol id="sm-2cf">
         <name>TIMER0_ISR</name>
         <value>0x80fa</value>
         <object_component_ref idref="oc-aa"/>
      </symbol>
      <symbol id="sm-2d0">
         <name>EPWM10_ISR</name>
         <value>0x846a</value>
         <object_component_ref idref="oc-aa"/>
      </symbol>
      <symbol id="sm-2d1">
         <name>USER3_ISR</name>
         <value>0x805a</value>
         <object_component_ref idref="oc-aa"/>
      </symbol>
      <symbol id="sm-2e9">
         <name>PieVectTableInit</name>
         <value>0xa800</value>
         <object_component_ref idref="oc-b0"/>
      </symbol>
      <symbol id="sm-321">
         <name>Device_enableAllPeripherals</name>
         <value>0x88c9</value>
         <object_component_ref idref="oc-163"/>
      </symbol>
      <symbol id="sm-322">
         <name>Device_initGPIO</name>
         <value>0x89b4</value>
         <object_component_ref idref="oc-163"/>
      </symbol>
      <symbol id="sm-323">
         <name>Example_Fail</name>
         <value>0xa9c4</value>
         <object_component_ref idref="oc-199"/>
      </symbol>
      <symbol id="sm-324">
         <name>Example_setResultFail</name>
         <value>0x8bd2</value>
         <object_component_ref idref="oc-163"/>
      </symbol>
      <symbol id="sm-325">
         <name>Device_bootCPU2</name>
         <value>0x8a4c</value>
         <object_component_ref idref="oc-163"/>
      </symbol>
      <symbol id="sm-326">
         <name>Device_init</name>
         <value>0x88ab</value>
         <object_component_ref idref="oc-163"/>
      </symbol>
      <symbol id="sm-327">
         <name>Example_Result</name>
         <value>0xa9c0</value>
         <object_component_ref idref="oc-199"/>
      </symbol>
      <symbol id="sm-328">
         <name>Device_enableUnbondedGPIOPullups</name>
         <value>0x8a05</value>
         <object_component_ref idref="oc-163"/>
      </symbol>
      <symbol id="sm-329">
         <name>__error__</name>
         <value>0x8bc6</value>
         <object_component_ref idref="oc-163"/>
      </symbol>
      <symbol id="sm-32a">
         <name>Example_setResultPass</name>
         <value>0x8bcd</value>
         <object_component_ref idref="oc-163"/>
      </symbol>
      <symbol id="sm-32b">
         <name>Device_configureTMXAnalogTrim</name>
         <value>0x8a1b</value>
         <object_component_ref idref="oc-163"/>
      </symbol>
      <symbol id="sm-32c">
         <name>Device_enableUnbondedGPIOPullupsFor176Pin</name>
         <value>0x89d5</value>
         <object_component_ref idref="oc-163"/>
      </symbol>
      <symbol id="sm-32d">
         <name>Example_done</name>
         <value>0x8bd7</value>
         <object_component_ref idref="oc-163"/>
      </symbol>
      <symbol id="sm-32e">
         <name>Example_PassCount</name>
         <value>0xa9c2</value>
         <object_component_ref idref="oc-199"/>
      </symbol>
      <symbol id="sm-32f">
         <name>Device_enableUnbondedGPIOPullupsFor100Pin</name>
         <value>0x89e8</value>
         <object_component_ref idref="oc-163"/>
      </symbol>
      <symbol id="sm-346">
         <name>main</name>
         <value>0xb7b3</value>
         <object_component_ref idref="oc-12c"/>
      </symbol>
      <symbol id="sm-350">
         <name>_c_int00</name>
         <value>0x8c1e</value>
         <object_component_ref idref="oc-a0"/>
      </symbol>
      <symbol id="sm-351">
         <name>__stack</name>
         <value>0x400</value>
         <object_component_ref idref="oc-b3"/>
      </symbol>
      <symbol id="sm-35e">
         <name>_system_pre_init</name>
         <value>0x87fc</value>
         <object_component_ref idref="oc-ca"/>
      </symbol>
      <symbol id="sm-36d">
         <name>__TI_auto_init_nobinit_nopinit</name>
         <value>0x87c0</value>
         <object_component_ref idref="oc-fc"/>
      </symbol>
      <symbol id="sm-37b">
         <name>__TI_decompress_none</name>
         <value>0x8c35</value>
         <object_component_ref idref="oc-99"/>
      </symbol>
      <symbol id="sm-38f">
         <name>__TI_decompress_lzss</name>
         <value>0x8792</value>
         <object_component_ref idref="oc-93"/>
      </symbol>
      <symbol id="sm-3a5">
         <name>C$$EXIT</name>
         <value>0x8bd8</value>
         <object_component_ref idref="oc-d7"/>
      </symbol>
      <symbol id="sm-3a6">
         <name>abort</name>
         <value>0x8bd8</value>
         <object_component_ref idref="oc-d7"/>
      </symbol>
      <symbol id="sm-3a7">
         <name>exit</name>
         <value>0x8bda</value>
         <object_component_ref idref="oc-d7"/>
      </symbol>
      <symbol id="sm-3a8">
         <name>__TI_dtors_ptr</name>
         <value>0xa9ca</value>
         <object_component_ref idref="oc-134"/>
      </symbol>
      <symbol id="sm-3a9">
         <name>__TI_cleanup_ptr</name>
         <value>0xa9c8</value>
         <object_component_ref idref="oc-134"/>
      </symbol>
      <symbol id="sm-3aa">
         <name>__TI_enable_exit_profile_output</name>
         <value>0xa9c6</value>
         <object_component_ref idref="oc-134"/>
      </symbol>
      <symbol id="sm-3c1">
         <name>_nop</name>
         <value>0x87f3</value>
         <object_component_ref idref="oc-17d"/>
      </symbol>
      <symbol id="sm-3c2">
         <name>_lock</name>
         <value>0xa9cc</value>
         <object_component_ref idref="oc-137"/>
      </symbol>
      <symbol id="sm-3c3">
         <name>_unlock</name>
         <value>0xa9ce</value>
         <object_component_ref idref="oc-1a5"/>
      </symbol>
      <symbol id="sm-3c4">
         <name>_register_lock</name>
         <value>0x87ef</value>
         <object_component_ref idref="oc-17d"/>
      </symbol>
      <symbol id="sm-3c5">
         <name>_register_unlock</name>
         <value>0x87eb</value>
         <object_component_ref idref="oc-17d"/>
      </symbol>
      <symbol id="sm-3d4">
         <name>_args_main</name>
         <value>0xb7f3</value>
         <object_component_ref idref="oc-d1"/>
      </symbol>
      <symbol id="sm-3e8">
         <name>memcpy</name>
         <value>0x8c01</value>
         <object_component_ref idref="oc-b6"/>
      </symbol>
      <symbol id="sm-3f5">
         <name>_system_post_cinit</name>
         <value>0xb7ff</value>
         <object_component_ref idref="oc-14e"/>
      </symbol>
      <symbol id="sm-405">
         <name>__c28xabi_divf</name>
         <value>0x870a</value>
         <object_component_ref idref="oc-1b2"/>
      </symbol>
   </symbol_table>
   <title>Link successful</title>
</link_info>
